Component: ARM Compiler 6.16 Tool: armlink [5dfeaa00]

==============================================================================

Section Cross References

    cw2.o(.text.main) refers to application.o(.text._ZN5TimerC2Ev) for Timer::Timer()
    cw2.o(.ARM.exidx.text.main) refers to cw2.o(.text.main) for [Anonymous Symbol]
    application.o(.text._ZN5TimerC2Ev) refers to gpio_setup.o(.text.gpio_setup) for gpio_setup
    application.o(.text._ZN5TimerC2Ev) refers to application.o(.text._ZL14SysTick_Configj) for SysTick_Config(unsigned int)
    application.o(.text._ZN5TimerC2Ev) refers to device.o(.data.Database) for Database
    application.o(.text._ZN5TimerC2Ev) refers to device.o(.text._ZN11ProcessDataC2EPa) for ProcessData::ProcessData(signed char*)
    application.o(.text._ZN5TimerC2Ev) refers to device.o(.text._ZN12ModifyMemoryC2Ev) for ModifyMemory::ModifyMemory()
    application.o(.text._ZN5TimerC2Ev) refers to device.o(.text._ZN17DisplayIndicators9Result500Ev) for DisplayIndicators::Result500()
    application.o(.text._ZN5TimerC2Ev) refers to device.o(.text._ZN12ModifyMemory11StoreResultEi) for ModifyMemory::StoreResult(int)
    application.o(.text._ZN5TimerC2Ev) refers to device.o(.text._ZN11ProcessData7NextRowEv) for ProcessData::NextRow()
    application.o(.text._ZN5TimerC2Ev) refers to device.o(.text._ZN10UserButton11CheckButtonEv) for UserButton::CheckButton()
    application.o(.text._ZN5TimerC2Ev) refers to application.o(.text._ZN5Timer10ChangeFreqEv) for Timer::ChangeFreq()
    application.o(.text._ZN5TimerC2Ev) refers to device.o(.text._ZN17DisplayIndicators15ProcessingSpeedEv) for DisplayIndicators::ProcessingSpeed()
    application.o(.text._ZN5TimerC2Ev) refers to application.o(.text._ZN5Timer10CheckTimerEv) for Timer::CheckTimer()
    application.o(.text._ZN5TimerC2Ev) refers to device.o(.text._ZN12ModifyMemory12EmptyResultsEv) for ModifyMemory::EmptyResults()
    application.o(.text._ZN5TimerC2Ev) refers to device.o(.text._ZN17DisplayIndicators13MemoryDeletedEv) for DisplayIndicators::MemoryDeleted()
    application.o(.text._ZN5TimerC2Ev) refers to device.o(.text._ZN17DisplayIndicators9ResultOffEv) for DisplayIndicators::ResultOff()
    application.o(.text._ZN5TimerC2Ev) refers to device.o(.text._ZN11ProcessData10ProcessRowEv) for ProcessData::ProcessRow()
    application.o(.text._ZN5TimerC2Ev) refers to device.o(.text._ZN17DisplayIndicators7Result0Ev) for DisplayIndicators::Result0()
    application.o(.ARM.exidx.text._ZN5TimerC2Ev) refers to application.o(.text._ZN5TimerC2Ev) for [Anonymous Symbol]
    application.o(.text._ZL14SysTick_Configj) refers to application.o(.text._ZL18__NVIC_SetPriority9IRQn_Typej) for __NVIC_SetPriority(IRQn_Type, unsigned int)
    application.o(.ARM.exidx.text._ZL14SysTick_Configj) refers to application.o(.text._ZL14SysTick_Configj) for [Anonymous Symbol]
    application.o(.text._ZN5Timer10ChangeFreqEv) refers to application.o(.text._ZL14SysTick_Configj) for SysTick_Config(unsigned int)
    application.o(.ARM.exidx.text._ZN5Timer10ChangeFreqEv) refers to application.o(.text._ZN5Timer10ChangeFreqEv) for [Anonymous Symbol]
    application.o(.text._ZN5Timer10CheckTimerEv) refers to application.o(.bss.Timer_flag) for Timer_flag
    application.o(.ARM.exidx.text._ZN5Timer10CheckTimerEv) refers to application.o(.text._ZN5Timer10CheckTimerEv) for [Anonymous Symbol]
    application.o(.text.SysTick_Handler) refers to application.o(.bss.Timer_flag) for Timer_flag
    application.o(.ARM.exidx.text.SysTick_Handler) refers to application.o(.text.SysTick_Handler) for [Anonymous Symbol]
    application.o(.ARM.exidx.text._ZL18__NVIC_SetPriority9IRQn_Typej) refers to application.o(.text._ZL18__NVIC_SetPriority9IRQn_Typej) for [Anonymous Symbol]
    device.o(.text.__cxx_global_var_init) refers to device.o(.bss.LED) for LED
    device.o(.text.__cxx_global_var_init) refers to device.o(.text._ZN4LEDsC2Et) for LEDs::LEDs__sub_object(unsigned short)
    device.o(.ARM.exidx.text.__cxx_global_var_init) refers to device.o(.text.__cxx_global_var_init) for [Anonymous Symbol]
    device.o(.ARM.exidx.text._ZN11ProcessDataC2EPa) refers to device.o(.text._ZN11ProcessDataC2EPa) for [Anonymous Symbol]
    device.o(.text._ZN11ProcessData10ProcessRowEv) refers to dflt_clz.o(x$fpl$dflt) for __aeabi_i2d
    device.o(.text._ZN11ProcessData10ProcessRowEv) refers to sqrt.o(i.__hardfp_sqrt) for __hardfp_sqrt
    device.o(.text._ZN11ProcessData10ProcessRowEv) refers to daddsub_clz.o(x$fpl$dadd) for __aeabi_dadd
    device.o(.text._ZN11ProcessData10ProcessRowEv) refers to dfix.o(x$fpl$dfix) for __aeabi_d2iz
    device.o(.ARM.exidx.text._ZN11ProcessData10ProcessRowEv) refers to device.o(.text._ZN11ProcessData10ProcessRowEv) for [Anonymous Symbol]
    device.o(.ARM.exidx.text._ZN11ProcessData7NextRowEv) refers to device.o(.text._ZN11ProcessData7NextRowEv) for [Anonymous Symbol]
[...]
    __rtentry2.o(.ARM.exidx) refers to __rtentry2.o(.ARM.Collect$$rtentry$$0000000A) for .ARM.Collect$$rtentry$$0000000A
    __rtentry2.o(.ARM.exidx) refers to __rtentry2.o(.ARM.Collect$$rtentry$$0000000B) for .ARM.Collect$$rtentry$$0000000B
    __rtentry2.o(.ARM.exidx) refers to __rtentry2.o(.ARM.Collect$$rtentry$$0000000D) for .ARM.Collect$$rtentry$$0000000D
    __rtentry4.o(.ARM.Collect$$rtentry$$00000004) refers to sys_stackheap_outer.o(.text) for __user_setup_stackheap
    __rtentry4.o(.ARM.exidx) refers to __rtentry4.o(.ARM.Collect$$rtentry$$00000004) for .ARM.Collect$$rtentry$$00000004
    rt_errno_addr.o(.text) refers to rt_errno_addr.o(.bss) for __aeabi_errno_addr_data
    rt_errno_addr_intlibspace.o(.text) refers to libspace.o(.bss) for __libspace_start
    argv_veneer.o(.emb_text) refers to no_argv.o(.text) for __ARM_get_argv
    libspace.o(.text) refers to libspace.o(.bss) for __libspace_start
    sys_stackheap_outer.o(.text) refers to libspace.o(.text) for __user_perproc_libspace
    sys_stackheap_outer.o(.text) refers to startup_stm32f303xc.o(.text) for __user_initial_stackheap
    exit.o(.text) refers to rtexit.o(.ARM.Collect$$rtexit$$00000000) for __rt_exit
    _get_argv_nomalloc.o(.text) refers (Special) to hrguard.o(.text) for __heap_region$guard
    _get_argv_nomalloc.o(.text) refers to defsig_rtmem_outer.o(.text) for __rt_SIGRTMEM
    _get_argv_nomalloc.o(.text) refers to sys_command.o(.text) for _sys_command_string
    libinit.o(.ARM.Collect$$libinit$$00000000) refers (Special) to libinit2.o(.ARM.Collect$$libinit$$0000002E) for __rt_lib_init_alloca_1
    libinit.o(.ARM.Collect$$libinit$$00000000) refers (Special) to libinit2.o(.ARM.Collect$$libinit$$0000002C) for __rt_lib_init_argv_1
    libinit.o(.ARM.Collect$$libinit$$00000000) refers (Special) to libinit2.o(.ARM.Collect$$libinit$$0000001B) for __rt_lib_init_atexit_1
    libinit.o(.ARM.Collect$$libinit$$00000000) refers (Special) to libinit2.o(.ARM.Collect$$libinit$$00000021) for __rt_lib_init_clock_1
    libinit.o(.ARM.Collect$$libinit$$00000000) refers (Special) to libinit2.o(.ARM.Collect$$libinit$$00000032) for __rt_lib_init_cpp_1
    libinit.o(.ARM.Collect$$libinit$$00000000) refers (Special) to libinit2.o(.ARM.Collect$$libinit$$00000030) for __rt_lib_init_exceptions_1
    libinit.o(.ARM.Collect$$libinit$$00000000) refers (Special) to libinit2.o(.ARM.Collect$$libinit$$00000001) for __rt_lib_init_fp_1
    libinit.o(.ARM.Collect$$libinit$$00000000) refers (Special) to libinit2.o(.ARM.Collect$$libinit$$0000001F) for __rt_lib_init_fp_trap_1
    libinit.o(.ARM.Collect$$libinit$$00000000) refers (Special) to libinit2.o(.ARM.Collect$$libinit$$00000023) for __rt_lib_init_getenv_1
    libinit.o(.ARM.Collect$$libinit$$00000000) refers (Special) to libinit2.o(.ARM.Collect$$libinit$$0000000A) for __rt_lib_init_heap_1
    libinit.o(.ARM.Collect$$libinit$$00000000) refers (Special) to libinit2.o(.ARM.Collect$$libinit$$00000011) for __rt_lib_init_lc_collate_1
    libinit.o(.ARM.Collect$$libinit$$00000000) refers (Special) to libinit2.o(.ARM.Collect$$libinit$$00000013) for __rt_lib_init_lc_ctype_1
    libinit.o(.ARM.Collect$$libinit$$00000000) refers (Special) to libinit2.o(.ARM.Collect$$libinit$$00000015) for __rt_lib_init_lc_monetary_1
    libinit.o(.ARM.Collect$$libinit$$00000000) refers (Special) to libinit2.o(.ARM.Collect$$libinit$$00000017) for __rt_lib_init_lc_numeric_1
    libinit.o(.ARM.Collect$$libinit$$00000000) refers (Special) to libinit2.o(.ARM.Collect$$libinit$$00000019) for __rt_lib_init_lc_time_1
    libinit.o(.ARM.Collect$$libinit$$00000000) refers (Special) to libinit2.o(.ARM.Collect$$libinit$$00000004) for __rt_lib_init_preinit_1
    libinit.o(.ARM.Collect$$libinit$$00000000) refers (Special) to libinit2.o(.ARM.Collect$$libinit$$0000000E) for __rt_lib_init_rand_1
    libinit.o(.ARM.Collect$$libinit$$00000000) refers (Special) to libinit2.o(.ARM.Collect$$libinit$$00000033) for __rt_lib_init_return
    libinit.o(.ARM.Collect$$libinit$$00000000) refers (Special) to libinit2.o(.ARM.Collect$$libinit$$0000001D) for __rt_lib_init_signal_1
    libinit.o(.ARM.Collect$$libinit$$00000000) refers (Special) to libinit2.o(.ARM.Collect$$libinit$$00000025) for __rt_lib_init_stdio_1
    libinit.o(.ARM.Collect$$libinit$$00000000) refers (Special) to libinit2.o(.ARM.Collect$$libinit$$0000000C) for __rt_lib_init_user_alloc_1
    sys_command.o(.text) refers (Special) to use_no_semi.o(.text) for __I$use$semihosting
    sys_command.o(.text) refers (Special) to indicate_semi.o(.text) for __semihosting_library_function
    sys_command_hlt.o(.text) refers (Special) to use_no_semi.o(.text) for __I$use$semihosting
    sys_command_hlt.o(.text) refers (Special) to indicate_semi.o(.text) for __semihosting_library_function
    rtexit.o(.ARM.Collect$$rtexit$$00000000) refers (Special) to rtexit2.o(.ARM.Collect$$rtexit$$00000004) for __rt_exit_exit
    rtexit.o(.ARM.Collect$$rtexit$$00000000) refers (Special) to rtexit2.o(.ARM.Collect$$rtexit$$00000003) for __rt_exit_ls
    rtexit.o(.ARM.Collect$$rtexit$$00000000) refers (Special) to rtexit2.o(.ARM.Collect$$rtexit$$00000002) for __rt_exit_prels_1
    rtexit.o(.ARM.exidx) refers (Special) to rtexit2.o(.ARM.Collect$$rtexit$$00000004) for __rt_exit_exit
    rtexit.o(.ARM.exidx) refers (Special) to rtexit2.o(.ARM.Collect$$rtexit$$00000003) for __rt_exit_ls
    rtexit.o(.ARM.exidx) refers (Special) to rtexit2.o(.ARM.Collect$$rtexit$$00000002) for __rt_exit_prels_1
    rtexit.o(.ARM.exidx) refers to rtexit.o(.ARM.Collect$$rtexit$$00000000) for .ARM.Collect$$rtexit$$00000000
    defsig_rtmem_outer.o(.text) refers to defsig_rtmem_inner.o(.text) for __rt_SIGRTMEM_inner
    defsig_rtmem_outer.o(.text) refers to defsig_exit.o(.text) for __sig_exit
    defsig_rtmem_formal.o(.text) refers to rt_raise.o(.text) for __rt_raise
    rtexit2.o(.ARM.Collect$$rtexit$$00000003) refers to libshutdown.o(.ARM.Collect$$libshutdown$$00000000) for __rt_lib_shutdown
    rtexit2.o(.ARM.Collect$$rtexit$$00000004) refers to sys_exit.o(.text) for _sys_exit
    rtexit2.o(.ARM.exidx) refers to rtexit2.o(.ARM.Collect$$rtexit$$00000001) for .ARM.Collect$$rtexit$$00000001
    rtexit2.o(.ARM.exidx) refers to rtexit2.o(.ARM.Collect$$rtexit$$00000003) for .ARM.Collect$$rtexit$$00000003
    rtexit2.o(.ARM.exidx) refers to rtexit2.o(.ARM.Collect$$rtexit$$00000004) for .ARM.Collect$$rtexit$$00000004
    rt_raise.o(.text) refers to __raise.o(.text) for __raise
    rt_raise.o(.text) refers to sys_exit.o(.text) for _sys_exit
    defsig_exit.o(.text) refers to sys_exit.o(.text) for _sys_exit
    defsig_rtmem_inner.o(.text) refers to defsig_general.o(.text) for __default_signal_display
    sys_exit.o(.text) refers (Special) to use_no_semi.o(.text) for __I$use$semihosting
    sys_exit.o(.text) refers (Special) to indicate_semi.o(.text) for __semihosting_library_function
    sys_exit_hlt.o(.text) refers (Special) to use_no_semi.o(.text) for __I$use$semihosting
    sys_exit_hlt.o(.text) refers (Special) to indicate_semi.o(.text) for __semihosting_library_function
    __raise.o(.text) refers to defsig.o(CL$$defsig) for __default_signal_handler
    defsig_general.o(.text) refers to sys_wrch.o(.text) for _ttywrch
    libshutdown.o(.ARM.Collect$$libshutdown$$00000000) refers (Special) to libshutdown2.o(.ARM.Collect$$libshutdown$$00000002) for __rt_lib_shutdown_cpp_1
    libshutdown.o(.ARM.Collect$$libshutdown$$00000000) refers (Special) to libshutdown2.o(.ARM.Collect$$libshutdown$$00000007) for __rt_lib_shutdown_fp_trap_1
    libshutdown.o(.ARM.Collect$$libshutdown$$00000000) refers (Special) to libshutdown2.o(.ARM.Collect$$libshutdown$$0000000F) for __rt_lib_shutdown_heap_1
    libshutdown.o(.ARM.Collect$$libshutdown$$00000000) refers (Special) to libshutdown2.o(.ARM.Collect$$libshutdown$$00000010) for __rt_lib_shutdown_return
    libshutdown.o(.ARM.Collect$$libshutdown$$00000000) refers (Special) to libshutdown2.o(.ARM.Collect$$libshutdown$$0000000A) for __rt_lib_shutdown_signal_1
    libshutdown.o(.ARM.Collect$$libshutdown$$00000000) refers (Special) to libshutdown2.o(.ARM.Collect$$libshutdown$$00000004) for __rt_lib_shutdown_stdio_1
    libshutdown.o(.ARM.Collect$$libshutdown$$00000000) refers (Special) to libshutdown2.o(.ARM.Collect$$libshutdown$$0000000C) for __rt_lib_shutdown_user_alloc_1
    sys_wrch.o(.text) refers (Special) to use_no_semi.o(.text) for __I$use$semihosting
    sys_wrch.o(.text) refers (Special) to indicate_semi.o(.text) for __semihosting_library_function
    sys_wrch_hlt.o(.text) refers (Special) to use_no_semi.o(.text) for __I$use$semihosting
    sys_wrch_hlt.o(.text) refers (Special) to indicate_semi.o(.text) for __semihosting_library_function
    defsig.o(CL$$defsig) refers to defsig_rtmem_inner.o(.text) for __rt_SIGRTMEM_inner
    defsig_abrt_inner.o(.text) refers to defsig_general.o(.text) for __default_signal_display
    defsig_fpe_inner.o(.text) refers to defsig_general.o(.text) for __default_signal_display
    defsig_rtred_inner.o(.text) refers to defsig_general.o(.text) for __default_signal_display
    defsig_stak_inner.o(.text) refers to defsig_general.o(.text) for __default_signal_display
    defsig_pvfn_inner.o(.text) refers to defsig_general.o(.text) for __default_signal_display
    defsig_cppl_inner.o(.text) refers to defsig_general.o(.text) for __default_signal_display
    defsig_segv_inner.o(.text) refers to defsig_general.o(.text) for __default_signal_display
    defsig_other.o(.text) refers to defsig_general.o(.text) for __default_signal_display


==============================================================================

Removing Unused input sections from the image.

    Removing cw2.o(.text), (0 bytes).
    Removing cw2.o(.ARM.exidx.text.main), (8 bytes).
    Removing cw2.o(.ARM.use_no_argv), (4 bytes).
    Removing application.o(.text), (0 bytes).
    Removing application.o(.ARM.exidx.text._ZN5TimerC2Ev), (8 bytes).
    Removing application.o(.ARM.exidx.text._ZL14SysTick_Configj), (8 bytes).
    Removing application.o(.ARM.exidx.text._ZN5Timer10ChangeFreqEv), (8 bytes).
    Removing application.o(.ARM.exidx.text._ZN5Timer10CheckTimerEv), (8 bytes).
    Removing application.o(.ARM.exidx.text.SysTick_Handler), (8 bytes).
    Removing application.o(.ARM.exidx.text._ZL18__NVIC_SetPriority9IRQn_Typej), (8 bytes).
    Removing device.o(.text), (0 bytes).
    Removing device.o(.ARM.exidx.text.__cxx_global_var_init), (8 bytes).
    Removing device.o(.ARM.exidx.text._ZN11ProcessDataC2EPa), (8 bytes).
    Removing device.o(.ARM.exidx.text._ZN11ProcessData10ProcessRowEv), (8 bytes).
    Removing device.o(.ARM.exidx.text._ZN11ProcessData7NextRowEv), (8 bytes).
    Removing device.o(.ARM.exidx.text._ZN12ModifyMemoryC2Ev), (8 bytes).
    Removing device.o(.ARM.exidx.text._ZN12ModifyMemory11StoreResultEi), (8 bytes).
    Removing device.o(.ARM.exidx.text._ZN12ModifyMemory12EmptyResultsEv), (8 bytes).
    Removing device.o(.ARM.exidx.text._ZN10UserButton11CheckButtonEv), (8 bytes).
    Removing device.o(.ARM.exidx.text._ZN4LEDsC2Et), (8 bytes).
    Removing device.o(.ARM.exidx.text._ZN4LEDs3offEv), (8 bytes).
    Removing device.o(.ARM.exidx.text._ZN4LEDs2onEv), (8 bytes).
    Removing device.o(.ARM.exidx.text._ZN4LEDs6toggleEv), (8 bytes).
    Removing device.o(.ARM.exidx.text._ZN17DisplayIndicators9ResultOffEv), (8 bytes).
    Removing device.o(.ARM.exidx.text._ZN17DisplayIndicators7Result0Ev), (8 bytes).
    Removing device.o(.ARM.exidx.text._ZN17DisplayIndicators9Result500Ev), (8 bytes).
    Removing device.o(.ARM.exidx.text._ZN17DisplayIndicators13MemoryDeletedEv), (8 bytes).
    Removing device.o(.ARM.exidx.text._ZN17DisplayIndicators15ProcessingSpeedEv), (8 bytes).
    Removing device.o(.ARM.exidx.text.HAL_GPIO_EXTI_Callback), (8 bytes).
    Removing device.o(.ARM.exidx.text._GLOBAL__sub_I_device.cpp), (8 bytes).
    Removing stm32f3xx_hal_msp.o(.text), (0 bytes).
    Removing stm32f3xx_hal_msp.o(.text.HAL_MspInit), (100 bytes).
    Removing stm32f3xx_hal_msp.o(.ARM.exidx.text.HAL_MspInit), (8 bytes).
    Removing stm32f3xx_hal_gpio.o(.text), (0 bytes).
    Removing stm32f3xx_hal_gpio.o(.ARM.exidx.text.HAL_GPIO_Init), (8 bytes).
    Removing stm32f3xx_hal_gpio.o(.text.HAL_GPIO_DeInit), (342 bytes).
    Removing stm32f3xx_hal_gpio.o(.ARM.exidx.text.HAL_GPIO_DeInit), (8 bytes).
    Removing stm32f3xx_hal_gpio.o(.text.HAL_GPIO_ReadPin), (34 bytes).
    Removing stm32f3xx_hal_gpio.o(.ARM.exidx.text.HAL_GPIO_ReadPin), (8 bytes).
    Removing stm32f3xx_hal_gpio.o(.text.HAL_GPIO_WritePin), (68 bytes).
    Removing stm32f3xx_hal_gpio.o(.ARM.exidx.text.HAL_GPIO_WritePin), (8 bytes).
    Removing stm32f3xx_hal_gpio.o(.text.HAL_GPIO_TogglePin), (32 bytes).
    Removing stm32f3xx_hal_gpio.o(.ARM.exidx.text.HAL_GPIO_TogglePin), (8 bytes).
    Removing stm32f3xx_hal_gpio.o(.text.HAL_GPIO_LockPin), (110 bytes).
    Removing stm32f3xx_hal_gpio.o(.ARM.exidx.text.HAL_GPIO_LockPin), (8 bytes).
    Removing stm32f3xx_hal_gpio.o(.ARM.exidx.text.HAL_GPIO_EXTI_IRQHandler), (8 bytes).
    Removing stm32f3xx_hal_gpio.o(.text.HAL_GPIO_EXTI_Callback), (2 bytes).
    Removing stm32f3xx_hal_gpio.o(.ARM.exidx.text.HAL_GPIO_EXTI_Callback), (8 bytes).
    Removing stm32f3xx_hal_rcc.o(.text), (0 bytes).
    Removing stm32f3xx_hal_rcc.o(.text.HAL_RCC_DeInit), (64 bytes).
    Removing stm32f3xx_hal_rcc.o(.ARM.exidx.text.HAL_RCC_DeInit), (8 bytes).
    Removing stm32f3xx_hal_rcc.o(.text.HAL_RCC_OscConfig), (1086 bytes).
    Removing stm32f3xx_hal_rcc.o(.ARM.exidx.text.HAL_RCC_OscConfig), (8 bytes).
    Removing stm32f3xx_hal_rcc.o(.text.HAL_RCC_ClockConfig), (840 bytes).
    Removing stm32f3xx_hal_rcc.o(.ARM.exidx.text.HAL_RCC_ClockConfig), (8 bytes).
    Removing stm32f3xx_hal_rcc.o(.text.HAL_RCC_MCOConfig), (168 bytes).
    Removing stm32f3xx_hal_rcc.o(.ARM.exidx.text.HAL_RCC_MCOConfig), (8 bytes).
    Removing stm32f3xx_hal_rcc.o(.text.HAL_RCC_EnableCSS), (12 bytes).
    Removing stm32f3xx_hal_rcc.o(.ARM.exidx.text.HAL_RCC_EnableCSS), (8 bytes).
    Removing stm32f3xx_hal_rcc.o(.text.HAL_RCC_DisableCSS), (12 bytes).
    Removing stm32f3xx_hal_rcc.o(.ARM.exidx.text.HAL_RCC_DisableCSS), (8 bytes).
    Removing stm32f3xx_hal_rcc.o(.text.HAL_RCC_GetSysClockFreq), (86 bytes).
    Removing stm32f3xx_hal_rcc.o(.ARM.exidx.text.HAL_RCC_GetSysClockFreq), (8 bytes).
    Removing stm32f3xx_hal_rcc.o(.text.HAL_RCC_GetHCLKFreq), (44 bytes).
    Removing stm32f3xx_hal_rcc.o(.ARM.exidx.text.HAL_RCC_GetHCLKFreq), (8 bytes).
    Removing stm32f3xx_hal_rcc.o(.text.HAL_RCC_GetPCLK1Freq), (34 bytes).
    Removing stm32f3xx_hal_rcc.o(.ARM.exidx.text.HAL_RCC_GetPCLK1Freq), (8 bytes).
    Removing stm32f3xx_hal_rcc.o(.text.HAL_RCC_GetPCLK2Freq), (34 bytes).
    Removing stm32f3xx_hal_rcc.o(.ARM.exidx.text.HAL_RCC_GetPCLK2Freq), (8 bytes).
    Removing stm32f3xx_hal_rcc.o(.text.HAL_RCC_GetOscConfig), (148 bytes).
    Removing stm32f3xx_hal_rcc.o(.ARM.exidx.text.HAL_RCC_GetOscConfig), (8 bytes).
    Removing stm32f3xx_hal_rcc.o(.text.HAL_RCC_GetClockConfig), (114 bytes).
    Removing stm32f3xx_hal_rcc.o(.ARM.exidx.text.HAL_RCC_GetClockConfig), (8 bytes).
    Removing stm32f3xx_hal_rcc.o(.text.HAL_RCC_NMI_IRQHandler), (28 bytes).
    Removing stm32f3xx_hal_rcc.o(.ARM.exidx.text.HAL_RCC_NMI_IRQHandler), (8 bytes).
    Removing stm32f3xx_hal_rcc.o(.text.HAL_RCC_CSSCallback), (2 bytes).
    Removing stm32f3xx_hal_rcc.o(.ARM.exidx.text.HAL_RCC_CSSCallback), (8 bytes).
    Removing stm32f3xx_hal_rcc.o(.rodata.aAPBAHBPrescTable), (16 bytes).
    Removing stm32f3xx_hal_rcc.o(.rodata.aPLLMULFactorTable), (16 bytes).
    Removing stm32f3xx_hal_rcc.o(.rodata.aPredivFactorTable), (16 bytes).
    Removing stm32f3xx_hal_rcc.o(.rodata.str1.1), (53 bytes).
    Removing stm32f3xx_hal.o(.text), (0 bytes).
    Removing stm32f3xx_hal.o(.text.HAL_Init), (38 bytes).
    Removing stm32f3xx_hal.o(.ARM.exidx.text.HAL_Init), (8 bytes).
    Removing stm32f3xx_hal.o(.text.HAL_InitTick), (42 bytes).
    Removing stm32f3xx_hal.o(.ARM.exidx.text.HAL_InitTick), (8 bytes).
    Removing stm32f3xx_hal.o(.text.HAL_MspInit), (2 bytes).
    Removing stm32f3xx_hal.o(.ARM.exidx.text.HAL_MspInit), (8 bytes).
    Removing stm32f3xx_hal.o(.text.HAL_DeInit), (36 bytes).
    Removing stm32f3xx_hal.o(.ARM.exidx.text.HAL_DeInit), (8 bytes).
    Removing stm32f3xx_hal.o(.text.HAL_MspDeInit), (2 bytes).
    Removing stm32f3xx_hal.o(.ARM.exidx.text.HAL_MspDeInit), (8 bytes).
    Removing stm32f3xx_hal.o(.text.HAL_IncTick), (16 bytes).
    Removing stm32f3xx_hal.o(.ARM.exidx.text.HAL_IncTick), (8 bytes).
    Removing stm32f3xx_hal.o(.text.HAL_GetTick), (12 bytes).
    Removing stm32f3xx_hal.o(.ARM.exidx.text.HAL_GetTick), (8 bytes).
    Removing stm32f3xx_hal.o(.text.HAL_Delay), (28 bytes).
    Removing stm32f3xx_hal.o(.ARM.exidx.text.HAL_Delay), (8 bytes).
    Removing stm32f3xx_hal.o(.text.HAL_SuspendTick), (18 bytes).
    Removing stm32f3xx_hal.o(.ARM.exidx.text.HAL_SuspendTick), (8 bytes).
    Removing stm32f3xx_hal.o(.text.HAL_ResumeTick), (18 bytes).
    Removing stm32f3xx_hal.o(.ARM.exidx.text.HAL_ResumeTick), (8 bytes).
    Removing stm32f3xx_hal.o(.text.HAL_GetHalVersion), (6 bytes).
    Removing stm32f3xx_hal.o(.ARM.exidx.text.HAL_GetHalVersion), (8 bytes).
    Removing stm32f3xx_hal.o(.text.HAL_GetREVID), (14 bytes).
    Removing stm32f3xx_hal.o(.ARM.exidx.text.HAL_GetREVID), (8 bytes).
    Removing stm32f3xx_hal.o(.text.HAL_GetDEVID), (16 bytes).
    Removing stm32f3xx_hal.o(.ARM.exidx.text.HAL_GetDEVID), (8 bytes).
    Removing stm32f3xx_hal.o(.text.HAL_DBGMCU_EnableDBGSleepMode), (18 bytes).
    Removing stm32f3xx_hal.o(.ARM.exidx.text.HAL_DBGMCU_EnableDBGSleepMode), (8 bytes).
    Removing stm32f3xx_hal.o(.text.HAL_DBGMCU_DisableDBGSleepMode), (18 bytes).
    Removing stm32f3xx_hal.o(.ARM.exidx.text.HAL_DBGMCU_DisableDBGSleepMode), (8 bytes).
    Removing stm32f3xx_hal.o(.text.HAL_DBGMCU_EnableDBGStopMode), (18 bytes).
    Removing stm32f3xx_hal.o(.ARM.exidx.text.HAL_DBGMCU_EnableDBGStopMode), (8 bytes).
    Removing stm32f3xx_hal.o(.text.HAL_DBGMCU_DisableDBGStopMode), (18 bytes).
    Removing stm32f3xx_hal.o(.ARM.exidx.text.HAL_DBGMCU_DisableDBGStopMode), (8 bytes).
    Removing stm32f3xx_hal.o(.text.HAL_DBGMCU_EnableDBGStandbyMode), (18 bytes).
    Removing stm32f3xx_hal.o(.ARM.exidx.text.HAL_DBGMCU_EnableDBGStandbyMode), (8 bytes).
    Removing stm32f3xx_hal.o(.text.HAL_DBGMCU_DisableDBGStandbyMode), (18 bytes).
    Removing stm32f3xx_hal.o(.ARM.exidx.text.HAL_DBGMCU_DisableDBGStandbyMode), (8 bytes).
    Removing stm32f3xx_hal.o(.bss.uwTick), (4 bytes).
    Removing stm32f3xx_hal_cortex.o(.text), (0 bytes).
    Removing stm32f3xx_hal_cortex.o(.text.HAL_NVIC_SetPriorityGrouping), (32 bytes).
    Removing stm32f3xx_hal_cortex.o(.ARM.exidx.text.HAL_NVIC_SetPriorityGrouping), (8 bytes).
    Removing stm32f3xx_hal_cortex.o(.text.__NVIC_SetPriorityGrouping), (32 bytes).
    Removing stm32f3xx_hal_cortex.o(.ARM.exidx.text.__NVIC_SetPriorityGrouping), (8 bytes).
    Removing stm32f3xx_hal_cortex.o(.ARM.exidx.text.HAL_NVIC_SetPriority), (8 bytes).
    Removing stm32f3xx_hal_cortex.o(.ARM.exidx.text.__NVIC_GetPriorityGrouping), (8 bytes).
    Removing stm32f3xx_hal_cortex.o(.ARM.exidx.text.__NVIC_SetPriority), (8 bytes).
    Removing stm32f3xx_hal_cortex.o(.ARM.exidx.text.NVIC_EncodePriority), (8 bytes).
    Removing stm32f3xx_hal_cortex.o(.ARM.exidx.text.HAL_NVIC_EnableIRQ), (8 bytes).
    Removing stm32f3xx_hal_cortex.o(.ARM.exidx.text.__NVIC_EnableIRQ), (8 bytes).
    Removing stm32f3xx_hal_cortex.o(.text.HAL_NVIC_DisableIRQ), (32 bytes).
    Removing stm32f3xx_hal_cortex.o(.ARM.exidx.text.HAL_NVIC_DisableIRQ), (8 bytes).
    Removing stm32f3xx_hal_cortex.o(.text.__NVIC_DisableIRQ), (40 bytes).
    Removing stm32f3xx_hal_cortex.o(.ARM.exidx.text.__NVIC_DisableIRQ), (8 bytes).
    Removing stm32f3xx_hal_cortex.o(.text.HAL_NVIC_SystemReset), (4 bytes).
    Removing stm32f3xx_hal_cortex.o(.ARM.exidx.text.HAL_NVIC_SystemReset), (8 bytes).
    Removing stm32f3xx_hal_cortex.o(.text.__NVIC_SystemReset), (36 bytes).
    Removing stm32f3xx_hal_cortex.o(.ARM.exidx.text.__NVIC_SystemReset), (8 bytes).
    Removing stm32f3xx_hal_cortex.o(.text.HAL_SYSTICK_Config), (8 bytes).
    Removing stm32f3xx_hal_cortex.o(.ARM.exidx.text.HAL_SYSTICK_Config), (8 bytes).
    Removing stm32f3xx_hal_cortex.o(.text.SysTick_Config), (46 bytes).
    Removing stm32f3xx_hal_cortex.o(.ARM.exidx.text.SysTick_Config), (8 bytes).
    Removing stm32f3xx_hal_cortex.o(.text.HAL_MPU_ConfigRegion), (318 bytes).
    Removing stm32f3xx_hal_cortex.o(.ARM.exidx.text.HAL_MPU_ConfigRegion), (8 bytes).
    Removing stm32f3xx_hal_cortex.o(.text.HAL_NVIC_GetPriorityGrouping), (8 bytes).
    Removing stm32f3xx_hal_cortex.o(.ARM.exidx.text.HAL_NVIC_GetPriorityGrouping), (8 bytes).
    Removing stm32f3xx_hal_cortex.o(.text.HAL_NVIC_GetPriority), (54 bytes).
    Removing stm32f3xx_hal_cortex.o(.ARM.exidx.text.HAL_NVIC_GetPriority), (8 bytes).
    Removing stm32f3xx_hal_cortex.o(.text.NVIC_DecodePriority), (56 bytes).
    Removing stm32f3xx_hal_cortex.o(.ARM.exidx.text.NVIC_DecodePriority), (8 bytes).
    Removing stm32f3xx_hal_cortex.o(.text.__NVIC_GetPriority), (34 bytes).
    Removing stm32f3xx_hal_cortex.o(.ARM.exidx.text.__NVIC_GetPriority), (8 bytes).
    Removing stm32f3xx_hal_cortex.o(.text.HAL_NVIC_SetPendingIRQ), (8 bytes).
    Removing stm32f3xx_hal_cortex.o(.ARM.exidx.text.HAL_NVIC_SetPendingIRQ), (8 bytes).
    Removing stm32f3xx_hal_cortex.o(.text.__NVIC_SetPendingIRQ), (32 bytes).
    Removing stm32f3xx_hal_cortex.o(.ARM.exidx.text.__NVIC_SetPendingIRQ), (8 bytes).
    Removing stm32f3xx_hal_cortex.o(.text.HAL_NVIC_GetPendingIRQ), (8 bytes).
    Removing stm32f3xx_hal_cortex.o(.ARM.exidx.text.HAL_NVIC_GetPendingIRQ), (8 bytes).
    Removing stm32f3xx_hal_cortex.o(.text.__NVIC_GetPendingIRQ), (36 bytes).
    Removing stm32f3xx_hal_cortex.o(.ARM.exidx.text.__NVIC_GetPendingIRQ), (8 bytes).
    Removing stm32f3xx_hal_cortex.o(.text.HAL_NVIC_ClearPendingIRQ), (8 bytes).
    Removing stm32f3xx_hal_cortex.o(.ARM.exidx.text.HAL_NVIC_ClearPendingIRQ), (8 bytes).
    Removing stm32f3xx_hal_cortex.o(.text.__NVIC_ClearPendingIRQ), (32 bytes).
    Removing stm32f3xx_hal_cortex.o(.ARM.exidx.text.__NVIC_ClearPendingIRQ), (8 bytes).
    Removing stm32f3xx_hal_cortex.o(.text.HAL_NVIC_GetActive), (8 bytes).
    Removing stm32f3xx_hal_cortex.o(.ARM.exidx.text.HAL_NVIC_GetActive), (8 bytes).
    Removing stm32f3xx_hal_cortex.o(.text.__NVIC_GetActive), (36 bytes).
    Removing stm32f3xx_hal_cortex.o(.ARM.exidx.text.__NVIC_GetActive), (8 bytes).
    Removing stm32f3xx_hal_cortex.o(.text.HAL_SYSTICK_CLKSourceConfig), (52 bytes).
    Removing stm32f3xx_hal_cortex.o(.ARM.exidx.text.HAL_SYSTICK_CLKSourceConfig), (8 bytes).
    Removing stm32f3xx_hal_cortex.o(.text.HAL_SYSTICK_IRQHandler), (8 bytes).
    Removing stm32f3xx_hal_cortex.o(.ARM.exidx.text.HAL_SYSTICK_IRQHandler), (8 bytes).
    Removing stm32f3xx_hal_cortex.o(.text.HAL_SYSTICK_Callback), (2 bytes).
    Removing stm32f3xx_hal_cortex.o(.ARM.exidx.text.HAL_SYSTICK_Callback), (8 bytes).
    Removing stm32f3xx_it.o(.text), (0 bytes).
    Removing stm32f3xx_it.o(.ARM.exidx.text.EXTI0_IRQHandler), (8 bytes).
    Removing gpio_setup.o(.text), (0 bytes).
    Removing gpio_setup.o(.text.board_setup), (16 bytes).
    Removing gpio_setup.o(.ARM.exidx.text.board_setup), (8 bytes).
    Removing gpio_setup.o(.text.SystemClock_Config), (100 bytes).
    Removing gpio_setup.o(.ARM.exidx.text.SystemClock_Config), (8 bytes).
    Removing gpio_setup.o(.ARM.exidx.text.gpio_setup), (8 bytes).
    Removing gpio_setup.o(.ARM.exidx.text.assert_failed), (8 bytes).
    Removing system_stm32f3xx.o(.text), (0 bytes).
    Removing system_stm32f3xx.o(.ARM.exidx.text.SystemInit), (8 bytes).
    Removing system_stm32f3xx.o(.text.SystemCoreClockUpdate), (104 bytes).
    Removing system_stm32f3xx.o(.ARM.exidx.text.SystemCoreClockUpdate), (8 bytes).
    Removing system_stm32f3xx.o(.data.SystemCoreClock), (4 bytes).
    Removing system_stm32f3xx.o(.rodata.AHBPrescTable), (16 bytes).
    Removing system_stm32f3xx.o(.rodata.APBPrescTable), (8 bytes).

192 unused section(s) (total 5843 bytes) removed from the image.

==============================================================================

Image Symbol Table

    Local Symbols

    Symbol Name                              Value     Ov Type        Size  Object(Section)

    ../clib/angel/boardlib.s                 0x00000000   Number         0  boardinit1.o ABSOLUTE
    ../clib/angel/boardlib.s                 0x00000000   Number         0  boardinit2.o ABSOLUTE
    ../clib/angel/boardlib.s                 0x00000000   Number         0  boardinit3.o ABSOLUTE
    ../clib/angel/boardlib.s                 0x00000000   Number         0  boardshut.o ABSOLUTE
    ../clib/angel/handlers.s                 0x00000000   Number         0  __scatter_copy.o ABSOLUTE
    ../clib/angel/handlers.s                 0x00000000   Number         0  __scatter_zi.o ABSOLUTE
    ../clib/angel/kernel.s                   0x00000000   Number         0  __rtentry.o ABSOLUTE
    ../clib/angel/kernel.s                   0x00000000   Number         0  __rtentry2.o ABSOLUTE
    ../clib/angel/kernel.s                   0x00000000   Number         0  __rtentry4.o ABSOLUTE
    ../clib/angel/kernel.s                   0x00000000   Number         0  rtexit.o ABSOLUTE
    ../clib/angel/kernel.s                   0x00000000   Number         0  rtexit2.o ABSOLUTE
    ../clib/angel/rt.s                       0x00000000   Number         0  rt_errno_addr.o ABSOLUTE
    ../clib/angel/rt.s                       0x00000000   Number         0  rt_errno_addr_intlibspace.o ABSOLUTE
    ../clib/angel/rt.s                       0x00000000   Number         0  rt_raise.o ABSOLUTE
    ../clib/angel/scatter.s                  0x00000000   Number         0  __scatter.o ABSOLUTE
    ../clib/angel/startup.s                  0x00000000   Number         0  __main.o ABSOLUTE
    ../clib/angel/sys.s                      0x00000000   Number         0  libspace.o ABSOLUTE
    ../clib/angel/sys.s                      0x00000000   Number         0  sys_stackheap_outer.o ABSOLUTE
    ../clib/angel/sys.s                      0x00000000   Number         0  use_no_semi.o ABSOLUTE
    ../clib/angel/sys.s                      0x00000000   Number         0  indicate_semi.o ABSOLUTE
    ../clib/angel/sysapp.c                   0x00000000   Number         0  sys_command.o ABSOLUTE
    ../clib/angel/sysapp.c                   0x00000000   Number         0  sys_command_hlt.o ABSOLUTE
    ../clib/angel/sysapp.c                   0x00000000   Number         0  sys_exit.o ABSOLUTE
    ../clib/angel/sysapp.c                   0x00000000   Number         0  sys_exit_hlt.o ABSOLUTE
    ../clib/angel/sysapp.c                   0x00000000   Number         0  sys_wrch.o ABSOLUTE
    ../clib/angel/sysapp.c                   0x00000000   Number         0  sys_wrch_hlt.o ABSOLUTE
    ../clib/arm_runtime.c                    0x00000000   Number         0  init_aeabi.o ABSOLUTE
    ../clib/arm_runtime.c                    0x00000000   Number         0  init_aeabi.o ABSOLUTE
    ../clib/armsys.c                         0x00000000   Number         0  argv_veneer.o ABSOLUTE
    ../clib/armsys.c                         0x00000000   Number         0  argv_veneer.o ABSOLUTE
    ../clib/armsys.c                         0x00000000   Number         0  _get_argv_nomalloc.o ABSOLUTE
    ../clib/armsys.c                         0x00000000   Number         0  no_argv.o ABSOLUTE
    ../clib/fenv.c                           0x00000000   Number         0  _rserrno.o ABSOLUTE
    ../clib/heapalloc.c                      0x00000000   Number         0  hrguard.o ABSOLUTE
    ../clib/heapaux.c                        0x00000000   Number         0  heapauxi.o ABSOLUTE
    ../clib/libinit.s                        0x00000000   Number         0  libinit2.o ABSOLUTE
    ../clib/libinit.s                        0x00000000   Number         0  libinit.o ABSOLUTE
    ../clib/libinit.s                        0x00000000   Number         0  libshutdown.o ABSOLUTE
    ../clib/libinit.s                        0x00000000   Number         0  libshutdown2.o ABSOLUTE
    ../clib/r_arm_target.c                   0x00000000   Number         0  __ARM_resolve_target1.o ABSOLUTE
    ../clib/r_arm_target.c                   0x00000000   Number         0  __ARM_resolve_target1_abs32.o ABSOLUTE
    ../clib/signal.c                         0x00000000   Number         0  defsig_rtmem_outer.o ABSOLUTE
    ../clib/signal.c                         0x00000000   Number         0  defsig_rtmem_formal.o ABSOLUTE
    ../clib/signal.c                         0x00000000   Number         0  defsig_exit.o ABSOLUTE
    ../clib/signal.c                         0x00000000   Number         0  defsig_rtmem_inner.o ABSOLUTE
    ../clib/signal.c                         0x00000000   Number         0  __raise.o ABSOLUTE
    ../clib/signal.c                         0x00000000   Number         0  defsig_general.o ABSOLUTE
    ../clib/signal.c                         0x00000000   Number         0  defsig_abrt_inner.o ABSOLUTE
    ../clib/signal.c                         0x00000000   Number         0  defsig_fpe_inner.o ABSOLUTE
    ../clib/signal.c                         0x00000000   Number         0  defsig_rtred_inner.o ABSOLUTE
    ../clib/signal.c                         0x00000000   Number         0  defsig_stak_inner.o ABSOLUTE
    ../clib/signal.c                         0x00000000   Number         0  defsig_pvfn_inner.o ABSOLUTE
    ../clib/signal.c                         0x00000000   Number         0  defsig_cppl_inner.o ABSOLUTE
    ../clib/signal.c                         0x00000000   Number         0  defsig_segv_inner.o ABSOLUTE
    ../clib/signal.c                         0x00000000   Number         0  defsig_other.o ABSOLUTE
    ../clib/signal.s                         0x00000000   Number         0  defsig.o ABSOLUTE
    ../clib/stdlib.c                         0x00000000   Number         0  exit.o ABSOLUTE
    ../fplib/daddsub.s                       0x00000000   Number         0  daddsub_clz.o ABSOLUTE
    ../fplib/dfix.s                          0x00000000   Number         0  dfix.o ABSOLUTE
    ../fplib/dflt.s                          0x00000000   Number         0  dflt_clz.o ABSOLUTE
    ../fplib/dnaninf.s                       0x00000000   Number         0  dnaninf.o ABSOLUTE
    ../fplib/dretinf.s                       0x00000000   Number         0  dretinf.o ABSOLUTE
    ../fplib/dsqrt.s                         0x00000000   Number         0  dsqrt_umaal.o ABSOLUTE
    ../fplib/fpinit.s                        0x00000000   Number         0  fpinit.o ABSOLUTE
    ../fplib/usenofp.s                       0x00000000   Number         0  usenofp.o ABSOLUTE
    ../mathlib/sqrt.c                        0x00000000   Number         0  sqrt.o ABSOLUTE
    RTE\Device\STM32F303VCTx\startup_stm32f303xc.s 0x00000000   Number         0  startup_stm32f303xc.o ABSOLUTE
    application.cpp                          0x00000000   Number         0  application.o ABSOLUTE
    cw2.cpp                                  0x00000000   Number         0  cw2.o ABSOLUTE
    dc.s                                     0x00000000   Number         0  dc.o ABSOLUTE
    device.cpp                               0x00000000   Number         0  device.o ABSOLUTE
    gpio_setup.c                             0x00000000   Number         0  gpio_setup.o ABSOLUTE
    stm32f3xx_hal.c                          0x00000000   Number         0  stm32f3xx_hal.o ABSOLUTE
    stm32f3xx_hal_cortex.c                   0x00000000   Number         0  stm32f3xx_hal_cortex.o ABSOLUTE
    stm32f3xx_hal_gpio.c                     0x00000000   Number         0  stm32f3xx_hal_gpio.o ABSOLUTE
    stm32f3xx_hal_msp.c                      0x00000000   Number         0  stm32f3xx_hal_msp.o ABSOLUTE
    stm32f3xx_hal_rcc.c                      0x00000000   Number         0  stm32f3xx_hal_rcc.o ABSOLUTE
    stm32f3xx_it.c                           0x00000000   Number         0  stm32f3xx_it.o ABSOLUTE
    system_stm32f3xx.c                       0x00000000   Number         0  system_stm32f3xx.o ABSOLUTE
    RESET                                    0x08000000   Section      392  startup_stm32f303xc.o(RESET)
    !!!main                                  0x08000188   Section        8  __main.o(!!!main)
    !!!scatter                               0x08000190   Section       52  __scatter.o(!!!scatter)
    !!handler_copy                           0x080001c4   Section       26  __scatter_copy.o(!!handler_copy)
    !!handler_zi                             0x080001e0   Section       28  __scatter_zi.o(!!handler_zi)
    .ARM.Collect$$libinit$$00000000          0x080001fc   Section        2  libinit.o(.ARM.Collect$$libinit$$00000000)
    .ARM.Collect$$libinit$$00000001          0x080001fe   Section        4  libinit2.o(.ARM.Collect$$libinit$$00000001)
    .ARM.Collect$$libinit$$00000004          0x08000202   Section        0  libinit2.o(.ARM.Collect$$libinit$$00000004)
    .ARM.Collect$$libinit$$0000000A          0x08000202   Section        0  libinit2.o(.ARM.Collect$$libinit$$0000000A)
    .ARM.Collect$$libinit$$0000000C          0x08000202   Section        0  libinit2.o(.ARM.Collect$$libinit$$0000000C)
    .ARM.Collect$$libinit$$0000000E          0x08000202   Section        0  libinit2.o(.ARM.Collect$$libinit$$0000000E)
    .ARM.Collect$$libinit$$00000011          0x08000202   Section        0  libinit2.o(.ARM.Collect$$libinit$$00000011)
    .ARM.Collect$$libinit$$00000013          0x08000202   Section        0  libinit2.o(.ARM.Collect$$libinit$$00000013)
    .ARM.Collect$$libinit$$00000015          0x08000202   Section        0  libinit2.o(.ARM.Collect$$libinit$$00000015)
    .ARM.Collect$$libinit$$00000017          0x08000202   Section        0  libinit2.o(.ARM.Collect$$libinit$$00000017)
    .ARM.Collect$$libinit$$00000019          0x08000202   Section        0  libinit2.o(.ARM.Collect$$libinit$$00000019)
    .ARM.Collect$$libinit$$0000001B          0x08000202   Section        0  libinit2.o(.ARM.Collect$$libinit$$0000001B)
    .ARM.Collect$$libinit$$0000001D          0x08000202   Section        0  libinit2.o(.ARM.Collect$$libinit$$0000001D)
    .ARM.Collect$$libinit$$0000001F          0x08000202   Section        0  libinit2.o(.ARM.Collect$$libinit$$0000001F)
    .ARM.Collect$$libinit$$00000021          0x08000202   Section        0  libinit2.o(.ARM.Collect$$libinit$$00000021)
    .ARM.Collect$$libinit$$00000023          0x08000202   Section        0  libinit2.o(.ARM.Collect$$libinit$$00000023)
    .ARM.Collect$$libinit$$00000025          0x08000202   Section        0  libinit2.o(.ARM.Collect$$libinit$$00000025)
    .ARM.Collect$$libinit$$0000002C          0x08000202   Section        0  libinit2.o(.ARM.Collect$$libinit$$0000002C)
    .ARM.Collect$$libinit$$0000002E          0x08000202   Section        0  libinit2.o(.ARM.Collect$$libinit$$0000002E)
    .ARM.Collect$$libinit$$00000030          0x08000202   Section        0  libinit2.o(.ARM.Collect$$libinit$$00000030)
    .ARM.Collect$$libinit$$00000031          0x08000202   Section        4  libinit2.o(.ARM.Collect$$libinit$$00000031)
    .ARM.Collect$$libinit$$00000032          0x08000206   Section        0  libinit2.o(.ARM.Collect$$libinit$$00000032)
    .ARM.Collect$$libinit$$00000033          0x08000206   Section        2  libinit2.o(.ARM.Collect$$libinit$$00000033)
    .ARM.Collect$$libshutdown$$00000000      0x08000208   Section        2  libshutdown.o(.ARM.Collect$$libshutdown$$00000000)
    .ARM.Collect$$libshutdown$$00000002      0x0800020a   Section        0  libshutdown2.o(.ARM.Collect$$libshutdown$$00000002)
    .ARM.Collect$$libshutdown$$00000004      0x0800020a   Section        0  libshutdown2.o(.ARM.Collect$$libshutdown$$00000004)
    .ARM.Collect$$libshutdown$$00000007      0x0800020a   Section        0  libshutdown2.o(.ARM.Collect$$libshutdown$$00000007)
    .ARM.Collect$$libshutdown$$0000000A      0x0800020a   Section        0  libshutdown2.o(.ARM.Collect$$libshutdown$$0000000A)
    .ARM.Collect$$libshutdown$$0000000C      0x0800020a   Section        0  libshutdown2.o(.ARM.Collect$$libshutdown$$0000000C)
    .ARM.Collect$$libshutdown$$0000000F      0x0800020a   Section        0  libshutdown2.o(.ARM.Collect$$libshutdown$$0000000F)
    .ARM.Collect$$libshutdown$$00000010      0x0800020a   Section        2  libshutdown2.o(.ARM.Collect$$libshutdown$$00000010)
    .ARM.Collect$$rtentry$$00000000          0x0800020c   Section        0  __rtentry.o(.ARM.Collect$$rtentry$$00000000)
    .ARM.Collect$$rtentry$$00000002          0x0800020c   Section        0  __rtentry2.o(.ARM.Collect$$rtentry$$00000002)
    .ARM.Collect$$rtentry$$00000004          0x0800020c   Section        6  __rtentry4.o(.ARM.Collect$$rtentry$$00000004)
    .ARM.Collect$$rtentry$$00000009          0x08000212   Section        0  __rtentry2.o(.ARM.Collect$$rtentry$$00000009)
    .ARM.Collect$$rtentry$$0000000A          0x08000212   Section        4  __rtentry2.o(.ARM.Collect$$rtentry$$0000000A)
    .ARM.Collect$$rtentry$$0000000C          0x08000216   Section        0  __rtentry2.o(.ARM.Collect$$rtentry$$0000000C)
    .ARM.Collect$$rtentry$$0000000D          0x08000216   Section        8  __rtentry2.o(.ARM.Collect$$rtentry$$0000000D)
    .ARM.Collect$$rtexit$$00000000           0x0800021e   Section        2  rtexit.o(.ARM.Collect$$rtexit$$00000000)
    .ARM.Collect$$rtexit$$00000002           0x08000220   Section        0  rtexit2.o(.ARM.Collect$$rtexit$$00000002)
    .ARM.Collect$$rtexit$$00000003           0x08000220   Section        4  rtexit2.o(.ARM.Collect$$rtexit$$00000003)
    .ARM.Collect$$rtexit$$00000004           0x08000224   Section        6  rtexit2.o(.ARM.Collect$$rtexit$$00000004)
    $v0                                      0x0800022c   Number         0  startup_stm32f303xc.o(.text)
    .text                                    0x0800022c   Section       64  startup_stm32f303xc.o(.text)
    .text                                    0x0800026c   Section        0  heapauxi.o(.text)
    .text                                    0x08000274   Section        0  init_aeabi.o(.text)
    .text                                    0x08000298   Section        0  _rserrno.o(.text)
    .text                                    0x080002b0   Section        8  rt_errno_addr_intlibspace.o(.text)
    .text                                    0x080002b8   Section        8  libspace.o(.text)
    .text                                    0x080002c0   Section       74  sys_stackheap_outer.o(.text)
    .text                                    0x0800030a   Section        0  exit.o(.text)
    .text                                    0x0800031c   Section        2  use_no_semi.o(.text)
    .text                                    0x0800031e   Section        0  indicate_semi.o(.text)
    .text                                    0x08000320   Section        0  sys_exit.o(.text)
    [Anonymous Symbol]                       0x0800032c   Section        0  stm32f3xx_it.o(.text.EXTI0_IRQHandler)
    [Anonymous Symbol]                       0x08000338   Section        0  device.o(.text.HAL_GPIO_EXTI_Callback)
    [Anonymous Symbol]                       0x0800034c   Section        0  stm32f3xx_hal_gpio.o(.text.HAL_GPIO_EXTI_IRQHandler)
    [Anonymous Symbol]                       0x08000368   Section        0  stm32f3xx_hal_gpio.o(.text.HAL_GPIO_Init)
    [Anonymous Symbol]                       0x08000630   Section        0  stm32f3xx_hal_cortex.o(.text.HAL_NVIC_EnableIRQ)
    [Anonymous Symbol]                       0x08000650   Section        0  stm32f3xx_hal_cortex.o(.text.HAL_NVIC_SetPriority)
    NVIC_EncodePriority                      0x08000695   Thumb Code    44  stm32f3xx_hal_cortex.o(.text.NVIC_EncodePriority)
    [Anonymous Symbol]                       0x08000694   Section        0  stm32f3xx_hal_cortex.o(.text.NVIC_EncodePriority)
    [Anonymous Symbol]                       0x080006c0   Section        0  application.o(.text.SysTick_Handler)
    [Anonymous Symbol]                       0x080006d0   Section        0  system_stm32f3xx.o(.text.SystemInit)
    _GLOBAL__sub_I_device.cpp                0x080006e5   Thumb Code     8  device.o(.text._GLOBAL__sub_I_device.cpp)
    [Anonymous Symbol]                       0x080006e4   Section        0  device.o(.text._GLOBAL__sub_I_device.cpp)
    SysTick_Config(unsigned int)             0x080006ed   Thumb Code    36  application.o(.text._ZL14SysTick_Configj)
    [Anonymous Symbol]                       0x080006ec   Section        0  application.o(.text._ZL14SysTick_Configj)
    __NVIC_SetPriority(IRQn_Type, unsigned int) 0x08000711   Thumb Code    14  application.o(.text._ZL18__NVIC_SetPriority9IRQn_Typej)
    [Anonymous Symbol]                       0x08000710   Section        0  application.o(.text._ZL18__NVIC_SetPriority9IRQn_Typej)
    [Anonymous Symbol]                       0x08000720   Section        0  device.o(.text._ZN10UserButton11CheckButtonEv)
    [Anonymous Symbol]                       0x0800073c   Section        0  device.o(.text._ZN11ProcessData10ProcessRowEv)
    [Anonymous Symbol]                       0x080007a4   Section        0  device.o(.text._ZN11ProcessData7NextRowEv)
    [Anonymous Symbol]                       0x080007b8   Section        0  device.o(.text._ZN11ProcessDataC2EPa)
    [Anonymous Symbol]                       0x080007c0   Section        0  device.o(.text._ZN12ModifyMemory11StoreResultEi)
    [Anonymous Symbol]                       0x080007d4   Section        0  device.o(.text._ZN12ModifyMemory12EmptyResultsEv)
    [Anonymous Symbol]                       0x080007dc   Section        0  device.o(.text._ZN12ModifyMemoryC2Ev)
    [Anonymous Symbol]                       0x080007e4   Section        0  device.o(.text._ZN17DisplayIndicators13MemoryDeletedEv)
    [Anonymous Symbol]                       0x08000800   Section        0  device.o(.text._ZN17DisplayIndicators15ProcessingSpeedEv)
    [Anonymous Symbol]                       0x0800081c   Section        0  device.o(.text._ZN17DisplayIndicators7Result0Ev)
    [Anonymous Symbol]                       0x08000838   Section        0  device.o(.text._ZN17DisplayIndicators9Result500Ev)
    [Anonymous Symbol]                       0x08000854   Section        0  device.o(.text._ZN17DisplayIndicators9ResultOffEv)
    [Anonymous Symbol]                       0x0800087c   Section        0  device.o(.text._ZN4LEDs2onEv)
    [Anonymous Symbol]                       0x08000890   Section        0  device.o(.text._ZN4LEDs3offEv)
    [Anonymous Symbol]                       0x080008a4   Section        0  device.o(.text._ZN4LEDs6toggleEv)
    [Anonymous Symbol]                       0x080008b8   Section        0  device.o(.text._ZN4LEDsC2Et)
    [Anonymous Symbol]                       0x080008c8   Section        0  application.o(.text._ZN5Timer10ChangeFreqEv)
    [Anonymous Symbol]                       0x080008f8   Section        0  application.o(.text._ZN5Timer10CheckTimerEv)
    [Anonymous Symbol]                       0x08000914   Section        0  application.o(.text._ZN5TimerC2Ev)
    __NVIC_EnableIRQ                         0x080009a9   Thumb Code    32  stm32f3xx_hal_cortex.o(.text.__NVIC_EnableIRQ)
    [Anonymous Symbol]                       0x080009a8   Section        0  stm32f3xx_hal_cortex.o(.text.__NVIC_EnableIRQ)
    __NVIC_GetPriorityGrouping               0x080009c9   Thumb Code    16  stm32f3xx_hal_cortex.o(.text.__NVIC_GetPriorityGrouping)
    [Anonymous Symbol]                       0x080009c8   Section        0  stm32f3xx_hal_cortex.o(.text.__NVIC_GetPriorityGrouping)
    __NVIC_SetPriority                       0x080009d9   Thumb Code    34  stm32f3xx_hal_cortex.o(.text.__NVIC_SetPriority)
    [Anonymous Symbol]                       0x080009d8   Section        0  stm32f3xx_hal_cortex.o(.text.__NVIC_SetPriority)
    __cxx_global_var_init                    0x080009fd   Thumb Code   100  device.o(.text.__cxx_global_var_init)
    [Anonymous Symbol]                       0x080009fc   Section        0  device.o(.text.__cxx_global_var_init)
    [Anonymous Symbol]                       0x08000a60   Section        0  gpio_setup.o(.text.assert_failed)
    [Anonymous Symbol]                       0x08000a64   Section        0  gpio_setup.o(.text.gpio_setup)
    [Anonymous Symbol]                       0x08000ae4   Section        0  cw2.o(.text.main)
    i.__hardfp_sqrt                          0x08000af4   Section        0  sqrt.o(i.__hardfp_sqrt)
    $v0                                      0x08000b70   Number         0  daddsub_clz.o(x$fpl$dadd)
    x$fpl$dadd                               0x08000b70   Section      336  daddsub_clz.o(x$fpl$dadd)
    _dadd1                                   0x08000b81   Thumb Code     0  daddsub_clz.o(x$fpl$dadd)
    $v0                                      0x08000cc0   Number         0  dfix.o(x$fpl$dfix)
    x$fpl$dfix                               0x08000cc0   Section       94  dfix.o(x$fpl$dfix)
    $v0                                      0x08000d1e   Number         0  dflt_clz.o(x$fpl$dflt)
    x$fpl$dflt                               0x08000d1e   Section       46  dflt_clz.o(x$fpl$dflt)
    $v0                                      0x08000d4c   Number         0  dnaninf.o(x$fpl$dnaninf)
    x$fpl$dnaninf                            0x08000d4c   Section      156  dnaninf.o(x$fpl$dnaninf)
    $v0                                      0x08000de8   Number         0  dretinf.o(x$fpl$dretinf)
    x$fpl$dretinf                            0x08000de8   Section       12  dretinf.o(x$fpl$dretinf)
    $v0                                      0x08000df4   Number         0  dsqrt_umaal.o(x$fpl$dsqrt)
    x$fpl$dsqrt                              0x08000df4   Section      408  dsqrt_umaal.o(x$fpl$dsqrt)
    $v0                                      0x08000f8c   Number         0  daddsub_clz.o(x$fpl$dsub)
    x$fpl$dsub                               0x08000f8c   Section      476  daddsub_clz.o(x$fpl$dsub)
    _dsub1                                   0x08000f9d   Thumb Code     0  daddsub_clz.o(x$fpl$dsub)
    $v0                                      0x08001168   Number         0  fpinit.o(x$fpl$fpinit)
    x$fpl$fpinit                             0x08001168   Section       26  fpinit.o(x$fpl$fpinit)
    .L.str                                   0x08001182   Data          54  stm32f3xx_hal_gpio.o(.rodata.str1.1)
    [Anonymous Symbol]                       0x08001182   Section        0  stm32f3xx_hal_gpio.o(.rodata.str1.1)
    x$fpl$usenofp                            0x08001182   Section        0  usenofp.o(x$fpl$usenofp)
    .L.str                                   0x080011b8   Data          56  stm32f3xx_hal_cortex.o(.rodata.str1.1)
    [Anonymous Symbol]                       0x080011b8   Section        0  stm32f3xx_hal_cortex.o(.rodata.str1.1)
    .init_array                              0x08001214   Section        0  init_aeabi.o(.init_array)
    .bss                                     0x20000140   Section       96  libspace.o(.bss)
    Heap_Mem                                 0x200001b8   Data         512  startup_stm32f303xc.o(HEAP)
    HEAP                                     0x200001b8   Section      512  startup_stm32f303xc.o(HEAP)
    Stack_Mem                                0x200003b8   Data        1024  startup_stm32f303xc.o(STACK)
    STACK                                    0x200003b8   Section     1024  startup_stm32f303xc.o(STACK)
    __initial_sp                             0x200007b8   Data           0  startup_stm32f303xc.o(STACK)

    Global Symbols

    Symbol Name                              Value     Ov Type        Size  Object(Section)

    BuildAttributes$$THM_ISAv4$E$P$D$K$B$S$7EM$VFPi3$EXTD16$VFPS$VFMA$PE$A:L22UL41UL21$X:L11$S22US41US21$IEEE1$IW$~IW$USESV6$~STKCKD$USESV7$~SHL$OTIME$ROPI$IEEEJ$EBA8$UX$STANDARDLIB$REQ8$PRES8$EABIv2 0x00000000   Number         0  anon$$obj.o ABSOLUTE
    __ARM_exceptions_init                     - Undefined Weak Reference
    __alloca_initialize                       - Undefined Weak Reference
    __arm_preinit_                            - Undefined Weak Reference
    __cxa_finalize                            - Undefined Weak Reference
    __decompress                              - Undefined Weak Reference
    __rt_locale                               - Undefined Weak Reference
    __sigvec_lookup                           - Undefined Weak Reference
    _atexit_init                              - Undefined Weak Reference
    _call_atexit_fns                          - Undefined Weak Reference
    _clock_init                               - Undefined Weak Reference
    _fp_trap_init                             - Undefined Weak Reference
    _fp_trap_shutdown                         - Undefined Weak Reference
    _get_lc_collate                           - Undefined Weak Reference
    _get_lc_ctype                             - Undefined Weak Reference
    _get_lc_monetary                          - Undefined Weak Reference
    _get_lc_numeric                           - Undefined Weak Reference
    _get_lc_time                              - Undefined Weak Reference
    _getenv_init                              - Undefined Weak Reference
    _handle_redirection                       - Undefined Weak Reference
    _init_alloc                               - Undefined Weak Reference
    _init_user_alloc                          - Undefined Weak Reference
    _initio                                   - Undefined Weak Reference
    _rand_init                                - Undefined Weak Reference
    _signal_finish                            - Undefined Weak Reference
    _signal_init                              - Undefined Weak Reference
    _terminate_alloc                          - Undefined Weak Reference
    _terminate_user_alloc                     - Undefined Weak Reference
    _terminateio                              - Undefined Weak Reference
    __Vectors_Size                           0x00000188   Number         0  startup_stm32f303xc.o ABSOLUTE
    __Vectors                                0x08000000   Data           4  startup_stm32f303xc.o(RESET)
    __Vectors_End                            0x08000188   Data           0  startup_stm32f303xc.o(RESET)
    __main                                   0x08000189   Thumb Code     8  __main.o(!!!main)
    __scatterload                            0x08000191   Thumb Code     0  __scatter.o(!!!scatter)
    __scatterload_rt2                        0x08000191   Thumb Code    44  __scatter.o(!!!scatter)
    __scatterload_rt2_thumb_only             0x08000191   Thumb Code     0  __scatter.o(!!!scatter)
    __scatterload_null                       0x0800019f   Thumb Code     0  __scatter.o(!!!scatter)
    __scatterload_copy                       0x080001c5   Thumb Code    26  __scatter_copy.o(!!handler_copy)
    __scatterload_zeroinit                   0x080001e1   Thumb Code    28  __scatter_zi.o(!!handler_zi)
    __rt_lib_init                            0x080001fd   Thumb Code     0  libinit.o(.ARM.Collect$$libinit$$00000000)
    __rt_lib_init_fp_1                       0x080001ff   Thumb Code     0  libinit2.o(.ARM.Collect$$libinit$$00000001)
    __rt_lib_init_alloca_1                   0x08000203   Thumb Code     0  libinit2.o(.ARM.Collect$$libinit$$0000002E)
    __rt_lib_init_argv_1                     0x08000203   Thumb Code     0  libinit2.o(.ARM.Collect$$libinit$$0000002C)
    __rt_lib_init_atexit_1                   0x08000203   Thumb Code     0  libinit2.o(.ARM.Collect$$libinit$$0000001B)
    __rt_lib_init_clock_1                    0x08000203   Thumb Code     0  libinit2.o(.ARM.Collect$$libinit$$00000021)
    __rt_lib_init_cpp_2                      0x08000203   Thumb Code     0  libinit2.o(.ARM.Collect$$libinit$$00000031)
    __rt_lib_init_exceptions_1               0x08000203   Thumb Code     0  libinit2.o(.ARM.Collect$$libinit$$00000030)
    __rt_lib_init_fp_trap_1                  0x08000203   Thumb Code     0  libinit2.o(.ARM.Collect$$libinit$$0000001F)
    __rt_lib_init_getenv_1                   0x08000203   Thumb Code     0  libinit2.o(.ARM.Collect$$libinit$$00000023)
    __rt_lib_init_heap_1                     0x08000203   Thumb Code     0  libinit2.o(.ARM.Collect$$libinit$$0000000A)
    __rt_lib_init_lc_collate_1               0x08000203   Thumb Code     0  libinit2.o(.ARM.Collect$$libinit$$00000011)
    __rt_lib_init_lc_ctype_1                 0x08000203   Thumb Code     0  libinit2.o(.ARM.Collect$$libinit$$00000013)
    __rt_lib_init_lc_monetary_1              0x08000203   Thumb Code     0  libinit2.o(.ARM.Collect$$libinit$$00000015)
    __rt_lib_init_lc_numeric_1               0x08000203   Thumb Code     0  libinit2.o(.ARM.Collect$$libinit$$00000017)
    __rt_lib_init_lc_time_1                  0x08000203   Thumb Code     0  libinit2.o(.ARM.Collect$$libinit$$00000019)
    __rt_lib_init_preinit_1                  0x08000203   Thumb Code     0  libinit2.o(.ARM.Collect$$libinit$$00000004)
    __rt_lib_init_rand_1                     0x08000203   Thumb Code     0  libinit2.o(.ARM.Collect$$libinit$$0000000E)
    __rt_lib_init_signal_1                   0x08000203   Thumb Code     0  libinit2.o(.ARM.Collect$$libinit$$0000001D)
    __rt_lib_init_stdio_1                    0x08000203   Thumb Code     0  libinit2.o(.ARM.Collect$$libinit$$00000025)
    __rt_lib_init_user_alloc_1               0x08000203   Thumb Code     0  libinit2.o(.ARM.Collect$$libinit$$0000000C)
    __rt_lib_init_cpp_1                      0x08000207   Thumb Code     0  libinit2.o(.ARM.Collect$$libinit$$00000032)
    __rt_lib_init_return                     0x08000207   Thumb Code     0  libinit2.o(.ARM.Collect$$libinit$$00000033)
    __rt_lib_shutdown                        0x08000209   Thumb Code     0  libshutdown.o(.ARM.Collect$$libshutdown$$00000000)
    __rt_lib_shutdown_cpp_1                  0x0800020b   Thumb Code     0  libshutdown2.o(.ARM.Collect$$libshutdown$$00000002)
    __rt_lib_shutdown_fp_trap_1              0x0800020b   Thumb Code     0  libshutdown2.o(.ARM.Collect$$libshutdown$$00000007)
    __rt_lib_shutdown_heap_1                 0x0800020b   Thumb Code     0  libshutdown2.o(.ARM.Collect$$libshutdown$$0000000F)
    __rt_lib_shutdown_return                 0x0800020b   Thumb Code     0  libshutdown2.o(.ARM.Collect$$libshutdown$$00000010)
    __rt_lib_shutdown_signal_1               0x0800020b   Thumb Code     0  libshutdown2.o(.ARM.Collect$$libshutdown$$0000000A)
    __rt_lib_shutdown_stdio_1                0x0800020b   Thumb Code     0  libshutdown2.o(.ARM.Collect$$libshutdown$$00000004)
    __rt_lib_shutdown_user_alloc_1           0x0800020b   Thumb Code     0  libshutdown2.o(.ARM.Collect$$libshutdown$$0000000C)
    __rt_entry                               0x0800020d   Thumb Code     0  __rtentry.o(.ARM.Collect$$rtentry$$00000000)
    __rt_entry_presh_1                       0x0800020d   Thumb Code     0  __rtentry2.o(.ARM.Collect$$rtentry$$00000002)
    __rt_entry_sh                            0x0800020d   Thumb Code     0  __rtentry4.o(.ARM.Collect$$rtentry$$00000004)
    __rt_entry_li                            0x08000213   Thumb Code     0  __rtentry2.o(.ARM.Collect$$rtentry$$0000000A)
    __rt_entry_postsh_1                      0x08000213   Thumb Code     0  __rtentry2.o(.ARM.Collect$$rtentry$$00000009)
    __rt_entry_main                          0x08000217   Thumb Code     0  __rtentry2.o(.ARM.Collect$$rtentry$$0000000D)
    __rt_entry_postli_1                      0x08000217   Thumb Code     0  __rtentry2.o(.ARM.Collect$$rtentry$$0000000C)
    __rt_exit                                0x0800021f   Thumb Code     0  rtexit.o(.ARM.Collect$$rtexit$$00000000)
    __rt_exit_ls                             0x08000221   Thumb Code     0  rtexit2.o(.ARM.Collect$$rtexit$$00000003)
    __rt_exit_prels_1                        0x08000221   Thumb Code     0  rtexit2.o(.ARM.Collect$$rtexit$$00000002)
    __rt_exit_exit                           0x08000225   Thumb Code     0  rtexit2.o(.ARM.Collect$$rtexit$$00000004)
    Reset_Handler                            0x0800022d   Thumb Code     8  startup_stm32f303xc.o(.text)
    NMI_Handler                              0x08000235   Thumb Code     2  startup_stm32f303xc.o(.text)
    HardFault_Handler                        0x08000237   Thumb Code     2  startup_stm32f303xc.o(.text)
    MemManage_Handler                        0x08000239   Thumb Code     2  startup_stm32f303xc.o(.text)
    BusFault_Handler                         0x0800023b   Thumb Code     2  startup_stm32f303xc.o(.text)
    UsageFault_Handler                       0x0800023d   Thumb Code     2  startup_stm32f303xc.o(.text)
    SVC_Handler                              0x0800023f   Thumb Code     2  startup_stm32f303xc.o(.text)
    DebugMon_Handler                         0x08000241   Thumb Code     2  startup_stm32f303xc.o(.text)
    PendSV_Handler                           0x08000243   Thumb Code     2  startup_stm32f303xc.o(.text)
    ADC1_2_IRQHandler                        0x08000247   Thumb Code     0  startup_stm32f303xc.o(.text)
    ADC3_IRQHandler                          0x08000247   Thumb Code     0  startup_stm32f303xc.o(.text)
    ADC4_IRQHandler                          0x08000247   Thumb Code     0  startup_stm32f303xc.o(.text)
    CAN_RX1_IRQHandler                       0x08000247   Thumb Code     0  startup_stm32f303xc.o(.text)
    CAN_SCE_IRQHandler                       0x08000247   Thumb Code     0  startup_stm32f303xc.o(.text)
    COMP1_2_3_IRQHandler                     0x08000247   Thumb Code     0  startup_stm32f303xc.o(.text)
    COMP4_5_6_IRQHandler                     0x08000247   Thumb Code     0  startup_stm32f303xc.o(.text)
    COMP7_IRQHandler                         0x08000247   Thumb Code     0  startup_stm32f303xc.o(.text)
    DMA1_Channel1_IRQHandler                 0x08000247   Thumb Code     0  startup_stm32f303xc.o(.text)
    DMA1_Channel2_IRQHandler                 0x08000247   Thumb Code     0  startup_stm32f303xc.o(.text)
    DMA1_Channel3_IRQHandler                 0x08000247   Thumb Code     0  startup_stm32f303xc.o(.text)
    DMA1_Channel4_IRQHandler                 0x08000247   Thumb Code     0  startup_stm32f303xc.o(.text)
    DMA1_Channel5_IRQHandler                 0x08000247   Thumb Code     0  startup_stm32f303xc.o(.text)
    DMA1_Channel6_IRQHandler                 0x08000247   Thumb Code     0  startup_stm32f303xc.o(.text)
    DMA1_Channel7_IRQHandler                 0x08000247   Thumb Code     0  startup_stm32f303xc.o(.text)
    DMA2_Channel1_IRQHandler                 0x08000247   Thumb Code     0  startup_stm32f303xc.o(.text)
    DMA2_Channel2_IRQHandler                 0x08000247   Thumb Code     0  startup_stm32f303xc.o(.text)
    DMA2_Channel3_IRQHandler                 0x08000247   Thumb Code     0  startup_stm32f303xc.o(.text)
    DMA2_Channel4_IRQHandler                 0x08000247   Thumb Code     0  startup_stm32f303xc.o(.text)
    DMA2_Channel5_IRQHandler                 0x08000247   Thumb Code     0  startup_stm32f303xc.o(.text)
    EXTI15_10_IRQHandler                     0x08000247   Thumb Code     0  startup_stm32f303xc.o(.text)
    EXTI1_IRQHandler                         0x08000247   Thumb Code     0  startup_stm32f303xc.o(.text)
    EXTI2_TSC_IRQHandler                     0x08000247   Thumb Code     0  startup_stm32f303xc.o(.text)
    EXTI3_IRQHandler                         0x08000247   Thumb Code     0  startup_stm32f303xc.o(.text)
    EXTI4_IRQHandler                         0x08000247   Thumb Code     0  startup_stm32f303xc.o(.text)
    EXTI9_5_IRQHandler                       0x08000247   Thumb Code     0  startup_stm32f303xc.o(.text)
    FLASH_IRQHandler                         0x08000247   Thumb Code     0  startup_stm32f303xc.o(.text)
    FPU_IRQHandler                           0x08000247   Thumb Code     0  startup_stm32f303xc.o(.text)
    I2C1_ER_IRQHandler                       0x08000247   Thumb Code     0  startup_stm32f303xc.o(.text)
    I2C1_EV_IRQHandler                       0x08000247   Thumb Code     0  startup_stm32f303xc.o(.text)
    I2C2_ER_IRQHandler                       0x08000247   Thumb Code     0  startup_stm32f303xc.o(.text)
    I2C2_EV_IRQHandler                       0x08000247   Thumb Code     0  startup_stm32f303xc.o(.text)
    PVD_IRQHandler                           0x08000247   Thumb Code     0  startup_stm32f303xc.o(.text)
    RCC_IRQHandler                           0x08000247   Thumb Code     0  startup_stm32f303xc.o(.text)
    RTC_Alarm_IRQHandler                     0x08000247   Thumb Code     0  startup_stm32f303xc.o(.text)
    RTC_WKUP_IRQHandler                      0x08000247   Thumb Code     0  startup_stm32f303xc.o(.text)
    SPI1_IRQHandler                          0x08000247   Thumb Code     0  startup_stm32f303xc.o(.text)
    SPI2_IRQHandler                          0x08000247   Thumb Code     0  startup_stm32f303xc.o(.text)
    SPI3_IRQHandler                          0x08000247   Thumb Code     0  startup_stm32f303xc.o(.text)
    TAMP_STAMP_IRQHandler                    0x08000247   Thumb Code     0  startup_stm32f303xc.o(.text)
    TIM1_BRK_TIM15_IRQHandler                0x08000247   Thumb Code     0  startup_stm32f303xc.o(.text)
    TIM1_CC_IRQHandler                       0x08000247   Thumb Code     0  startup_stm32f303xc.o(.text)
    TIM1_TRG_COM_TIM17_IRQHandler            0x08000247   Thumb Code     0  startup_stm32f303xc.o(.text)
    TIM1_UP_TIM16_IRQHandler                 0x08000247   Thumb Code     0  startup_stm32f303xc.o(.text)
    TIM2_IRQHandler                          0x08000247   Thumb Code     0  startup_stm32f303xc.o(.text)
    TIM3_IRQHandler                          0x08000247   Thumb Code     0  startup_stm32f303xc.o(.text)
    TIM4_IRQHandler                          0x08000247   Thumb Code     0  startup_stm32f303xc.o(.text)
    TIM6_DAC_IRQHandler                      0x08000247   Thumb Code     0  startup_stm32f303xc.o(.text)
    TIM7_IRQHandler                          0x08000247   Thumb Code     0  startup_stm32f303xc.o(.text)
    TIM8_BRK_IRQHandler                      0x08000247   Thumb Code     0  startup_stm32f303xc.o(.text)
    TIM8_CC_IRQHandler                       0x08000247   Thumb Code     0  startup_stm32f303xc.o(.text)
    TIM8_TRG_COM_IRQHandler                  0x08000247   Thumb Code     0  startup_stm32f303xc.o(.text)
    TIM8_UP_IRQHandler                       0x08000247   Thumb Code     0  startup_stm32f303xc.o(.text)
    UART4_IRQHandler                         0x08000247   Thumb Code     0  startup_stm32f303xc.o(.text)
    UART5_IRQHandler                         0x08000247   Thumb Code     0  startup_stm32f303xc.o(.text)
    USART1_IRQHandler                        0x08000247   Thumb Code     0  startup_stm32f303xc.o(.text)
    USART2_IRQHandler                        0x08000247   Thumb Code     0  startup_stm32f303xc.o(.text)
    USART3_IRQHandler                        0x08000247   Thumb Code     0  startup_stm32f303xc.o(.text)
    USBWakeUp_IRQHandler                     0x08000247   Thumb Code     0  startup_stm32f303xc.o(.text)
    USBWakeUp_RMP_IRQHandler                 0x08000247   Thumb Code     0  startup_stm32f303xc.o(.text)
    USB_HP_CAN_TX_IRQHandler                 0x08000247   Thumb Code     0  startup_stm32f303xc.o(.text)
    USB_HP_IRQHandler                        0x08000247   Thumb Code     0  startup_stm32f303xc.o(.text)
    USB_LP_CAN_RX0_IRQHandler                0x08000247   Thumb Code     0  startup_stm32f303xc.o(.text)
    USB_LP_IRQHandler                        0x08000247   Thumb Code     0  startup_stm32f303xc.o(.text)
    WWDG_IRQHandler                          0x08000247   Thumb Code     0  startup_stm32f303xc.o(.text)
    __user_initial_stackheap                 0x08000249   Thumb Code     0  startup_stm32f303xc.o(.text)
    __use_two_region_memory                  0x0800026d   Thumb Code     2  heapauxi.o(.text)
    __rt_heap_escrow$2region                 0x0800026f   Thumb Code     2  heapauxi.o(.text)
    __rt_heap_expand$2region                 0x08000271   Thumb Code     2  heapauxi.o(.text)
    __cpp_initialize__aeabi_                 0x08000275   Thumb Code    28  init_aeabi.o(.text)
    __read_errno                             0x08000299   Thumb Code    10  _rserrno.o(.text)
    __set_errno                              0x080002a3   Thumb Code    12  _rserrno.o(.text)
    __aeabi_errno_addr                       0x080002b1   Thumb Code     8  rt_errno_addr_intlibspace.o(.text)
    __errno$intlibspace                      0x080002b1   Thumb Code     0  rt_errno_addr_intlibspace.o(.text)
    __rt_errno_addr$intlibspace              0x080002b1   Thumb Code     0  rt_errno_addr_intlibspace.o(.text)
    __user_libspace                          0x080002b9   Thumb Code     8  libspace.o(.text)
    __user_perproc_libspace                  0x080002b9   Thumb Code     0  libspace.o(.text)
    __user_perthread_libspace                0x080002b9   Thumb Code     0  libspace.o(.text)
    __user_setup_stackheap                   0x080002c1   Thumb Code    74  sys_stackheap_outer.o(.text)
    exit                                     0x0800030b   Thumb Code    18  exit.o(.text)
    __I$use$semihosting                      0x0800031d   Thumb Code     0  use_no_semi.o(.text)
    __use_no_semihosting_swi                 0x0800031d   Thumb Code     2  use_no_semi.o(.text)
    __semihosting_library_function           0x0800031f   Thumb Code     0  indicate_semi.o(.text)
    _sys_exit                                0x08000321   Thumb Code     8  sys_exit.o(.text)
    EXTI0_IRQHandler                         0x0800032d   Thumb Code    10  stm32f3xx_it.o(.text.EXTI0_IRQHandler)
    HAL_GPIO_EXTI_Callback                   0x08000339   Thumb Code    20  device.o(.text.HAL_GPIO_EXTI_Callback)
    HAL_GPIO_EXTI_IRQHandler                 0x0800034d   Thumb Code    26  stm32f3xx_hal_gpio.o(.text.HAL_GPIO_EXTI_IRQHandler)
    HAL_GPIO_Init                            0x08000369   Thumb Code   712  stm32f3xx_hal_gpio.o(.text.HAL_GPIO_Init)
    HAL_NVIC_EnableIRQ                       0x08000631   Thumb Code    32  stm32f3xx_hal_cortex.o(.text.HAL_NVIC_EnableIRQ)
    HAL_NVIC_SetPriority                     0x08000651   Thumb Code    66  stm32f3xx_hal_cortex.o(.text.HAL_NVIC_SetPriority)
    SysTick_Handler                          0x080006c1   Thumb Code    14  application.o(.text.SysTick_Handler)
    SystemInit                               0x080006d1   Thumb Code    18  system_stm32f3xx.o(.text.SystemInit)
    UserButton::CheckButton()                0x08000721   Thumb Code    26  device.o(.text._ZN10UserButton11CheckButtonEv)
    ProcessData::ProcessRow()                0x0800073d   Thumb Code   102  device.o(.text._ZN11ProcessData10ProcessRowEv)
    ProcessData::NextRow()                   0x080007a5   Thumb Code    20  device.o(.text._ZN11ProcessData7NextRowEv)
    ProcessData::ProcessData(signed char*)   0x080007b9   Thumb Code     6  device.o(.text._ZN11ProcessDataC2EPa)
    ProcessData::ProcessData__sub_object(signed char*) 0x080007b9   Thumb Code     6  device.o(.text._ZN11ProcessDataC2EPa)
    ModifyMemory::StoreResult(int)           0x080007c1   Thumb Code    18  device.o(.text._ZN12ModifyMemory11StoreResultEi)
    ModifyMemory::EmptyResults()             0x080007d5   Thumb Code     6  device.o(.text._ZN12ModifyMemory12EmptyResultsEv)
    ModifyMemory::ModifyMemory()             0x080007dd   Thumb Code     6  device.o(.text._ZN12ModifyMemoryC2Ev)
    ModifyMemory::ModifyMemory__sub_object() 0x080007dd   Thumb Code     6  device.o(.text._ZN12ModifyMemoryC2Ev)
    DisplayIndicators::MemoryDeleted()       0x080007e5   Thumb Code    26  device.o(.text._ZN17DisplayIndicators13MemoryDeletedEv)
    DisplayIndicators::ProcessingSpeed()     0x08000801   Thumb Code    26  device.o(.text._ZN17DisplayIndicators15ProcessingSpeedEv)
    DisplayIndicators::Result0()             0x0800081d   Thumb Code    26  device.o(.text._ZN17DisplayIndicators7Result0Ev)
    DisplayIndicators::Result500()           0x08000839   Thumb Code    26  device.o(.text._ZN17DisplayIndicators9Result500Ev)
    DisplayIndicators::ResultOff()           0x08000855   Thumb Code    40  device.o(.text._ZN17DisplayIndicators9ResultOffEv)
    LEDs::on()                               0x0800087d   Thumb Code    18  device.o(.text._ZN4LEDs2onEv)
    LEDs::off()                              0x08000891   Thumb Code    20  device.o(.text._ZN4LEDs3offEv)
    LEDs::toggle()                           0x080008a5   Thumb Code    18  device.o(.text._ZN4LEDs6toggleEv)
    LEDs::LEDs(unsigned short)               0x080008b9   Thumb Code    14  device.o(.text._ZN4LEDsC2Et)
    LEDs::LEDs__sub_object(unsigned short)   0x080008b9   Thumb Code    14  device.o(.text._ZN4LEDsC2Et)
    Timer::ChangeFreq()                      0x080008c9   Thumb Code    46  application.o(.text._ZN5Timer10ChangeFreqEv)
    Timer::CheckTimer()                      0x080008f9   Thumb Code    26  application.o(.text._ZN5Timer10CheckTimerEv)
    Timer::Timer()                           0x08000915   Thumb Code   148  application.o(.text._ZN5TimerC2Ev)
    Timer::Timer__sub_object()               0x08000915   Thumb Code   148  application.o(.text._ZN5TimerC2Ev)
    assert_failed                            0x08000a61   Thumb Code     2  gpio_setup.o(.text.assert_failed)
    gpio_setup                               0x08000a65   Thumb Code   128  gpio_setup.o(.text.gpio_setup)
    main                                     0x08000ae5   Thumb Code    16  cw2.o(.text.main)
    __hardfp_sqrt                            0x08000af5   Thumb Code   122  sqrt.o(i.__hardfp_sqrt)
    __aeabi_dadd                             0x08000b71   Thumb Code     0  daddsub_clz.o(x$fpl$dadd)
    _dadd                                    0x08000b71   Thumb Code   332  daddsub_clz.o(x$fpl$dadd)
    __aeabi_d2iz                             0x08000cc1   Thumb Code     0  dfix.o(x$fpl$dfix)
    _dfix                                    0x08000cc1   Thumb Code    94  dfix.o(x$fpl$dfix)
    __aeabi_i2d                              0x08000d1f   Thumb Code     0  dflt_clz.o(x$fpl$dflt)
    _dflt                                    0x08000d1f   Thumb Code    46  dflt_clz.o(x$fpl$dflt)
    __fpl_dnaninf                            0x08000d4d   Thumb Code   156  dnaninf.o(x$fpl$dnaninf)
    __fpl_dretinf                            0x08000de9   Thumb Code    12  dretinf.o(x$fpl$dretinf)
    _dsqrt                                   0x08000df5   Thumb Code   404  dsqrt_umaal.o(x$fpl$dsqrt)
    __aeabi_dsub                             0x08000f8d   Thumb Code     0  daddsub_clz.o(x$fpl$dsub)
    _dsub                                    0x08000f8d   Thumb Code   472  daddsub_clz.o(x$fpl$dsub)
    _fp_init                                 0x08001169   Thumb Code    26  fpinit.o(x$fpl$fpinit)
    __fplib_config_fpu_vfp                   0x08001181   Thumb Code     0  fpinit.o(x$fpl$fpinit)
    __fplib_config_pureend_doubles           0x08001181   Thumb Code     0  fpinit.o(x$fpl$fpinit)
    __I$use$fp                               0x08001182   Number         0  usenofp.o(x$fpl$usenofp)
    Region$$Table$$Base                      0x080011f0   Number         0  anon$$obj.o(Region$$Table)
    Region$$Table$$Limit                     0x08001210   Number         0  anon$$obj.o(Region$$Table)
    SHT$$INIT_ARRAY$$Base                    0x08001210   Number         0  device.o(.init_array)
    SHT$$INIT_ARRAY$$Limit                   0x08001214   Number         0  init_aeabi.o(.init_array)
    Database                                 0x20000000   Data         320  device.o(.data.Database)
    __libspace_start                         0x20000140   Data          96  libspace.o(.bss)
    IP_flag                                  0x200001a0   Data           1  device.o(.bss.IP_flag)
    __temporary_stack_top$libspace           0x200001a0   Data           0  libspace.o(.bss)
    LED                                      0x200001a2   Data          16  device.o(.bss.LED)
    Timer_flag                               0x200001b2   Data           1  application.o(.bss.Timer_flag)



==============================================================================

Memory Map of the image

  Image Entry point : 0x08000189

  Load Region LR_IROM1 (Base: 0x08000000, Size: 0x00001358, Max: 0x00040000, ABSOLUTE)

    Execution Region ER_IROM1 (Exec base: 0x08000000, Load base: 0x08000000, Size: 0x00001214, Max: 0x00040000, ABSOLUTE)

    Exec Addr    Load Addr    Size         Type   Attr      Idx    E Section Name        Object

    0x08000000   0x08000000   0x00000188   Data   RO          295    RESET               startup_stm32f303xc.o
    0x08000188   0x08000188   0x00000008   Code   RO          321  * !!!main             c_w.l(__main.o)
    0x08000190   0x08000190   0x00000034   Code   RO          530    !!!scatter          c_w.l(__scatter.o)
    0x080001c4   0x080001c4   0x0000001a   Code   RO          532    !!handler_copy      c_w.l(__scatter_copy.o)
    0x080001de   0x080001de   0x00000002   PAD
    0x080001e0   0x080001e0   0x0000001c   Code   RO          534    !!handler_zi        c_w.l(__scatter_zi.o)
    0x080001fc   0x080001fc   0x00000002   Code   RO          450    .ARM.Collect$$libinit$$00000000  c_w.l(libinit.o)
    0x080001fe   0x080001fe   0x00000004   Code   RO          354    .ARM.Collect$$libinit$$00000001  c_w.l(libinit2.o)
    0x08000202   0x08000202   0x00000000   Code   RO          357    .ARM.Collect$$libinit$$00000004  c_w.l(libinit2.o)
    0x08000202   0x08000202   0x00000000   Code   RO          360    .ARM.Collect$$libinit$$0000000A  c_w.l(libinit2.o)
    0x08000202   0x08000202   0x00000000   Code   RO          362    .ARM.Collect$$libinit$$0000000C  c_w.l(libinit2.o)
    0x08000202   0x08000202   0x00000000   Code   RO          364    .ARM.Collect$$libinit$$0000000E  c_w.l(libinit2.o)
    0x08000202   0x08000202   0x00000000   Code   RO          367    .ARM.Collect$$libinit$$00000011  c_w.l(libinit2.o)
    0x08000202   0x08000202   0x00000000   Code   RO          369    .ARM.Collect$$libinit$$00000013  c_w.l(libinit2.o)
    0x08000202   0x08000202   0x00000000   Code   RO          371    .ARM.Collect$$libinit$$00000015  c_w.l(libinit2.o)
    0x08000202   0x08000202   0x00000000   Code   RO          373    .ARM.Collect$$libinit$$00000017  c_w.l(libinit2.o)
    0x08000202   0x08000202   0x00000000   Code   RO          375    .ARM.Collect$$libinit$$00000019  c_w.l(libinit2.o)
    0x08000202   0x08000202   0x00000000   Code   RO          377    .ARM.Collect$$libinit$$0000001B  c_w.l(libinit2.o)
    0x08000202   0x08000202   0x00000000   Code   RO          379    .ARM.Collect$$libinit$$0000001D  c_w.l(libinit2.o)
    0x08000202   0x08000202   0x00000000   Code   RO          381    .ARM.Collect$$libinit$$0000001F  c_w.l(libinit2.o)
    0x08000202   0x08000202   0x00000000   Code   RO          383    .ARM.Collect$$libinit$$00000021  c_w.l(libinit2.o)
    0x08000202   0x08000202   0x00000000   Code   RO          385    .ARM.Collect$$libinit$$00000023  c_w.l(libinit2.o)
    0x08000202   0x08000202   0x00000000   Code   RO          387    .ARM.Collect$$libinit$$00000025  c_w.l(libinit2.o)
    0x08000202   0x08000202   0x00000000   Code   RO          391    .ARM.Collect$$libinit$$0000002C  c_w.l(libinit2.o)
    0x08000202   0x08000202   0x00000000   Code   RO          393    .ARM.Collect$$libinit$$0000002E  c_w.l(libinit2.o)
    0x08000202   0x08000202   0x00000000   Code   RO          395    .ARM.Collect$$libinit$$00000030  c_w.l(libinit2.o)
    0x08000202   0x08000202   0x00000004   Code   RO          396    .ARM.Collect$$libinit$$00000031  c_w.l(libinit2.o)
    0x08000206   0x08000206   0x00000000   Code   RO          397    .ARM.Collect$$libinit$$00000032  c_w.l(libinit2.o)
    0x08000206   0x08000206   0x00000002   Code   RO          398    .ARM.Collect$$libinit$$00000033  c_w.l(libinit2.o)
    0x08000208   0x08000208   0x00000002   Code   RO          489    .ARM.Collect$$libshutdown$$00000000  c_w.l(libshutdown.o)
    0x0800020a   0x0800020a   0x00000000   Code   RO          497    .ARM.Collect$$libshutdown$$00000002  c_w.l(libshutdown2.o)
    0x0800020a   0x0800020a   0x00000000   Code   RO          499    .ARM.Collect$$libshutdown$$00000004  c_w.l(libshutdown2.o)
    0x0800020a   0x0800020a   0x00000000   Code   RO          502    .ARM.Collect$$libshutdown$$00000007  c_w.l(libshutdown2.o)
    0x0800020a   0x0800020a   0x00000000   Code   RO          505    .ARM.Collect$$libshutdown$$0000000A  c_w.l(libshutdown2.o)
    0x0800020a   0x0800020a   0x00000000   Code   RO          507    .ARM.Collect$$libshutdown$$0000000C  c_w.l(libshutdown2.o)
    0x0800020a   0x0800020a   0x00000000   Code   RO          510    .ARM.Collect$$libshutdown$$0000000F  c_w.l(libshutdown2.o)
    0x0800020a   0x0800020a   0x00000002   Code   RO          511    .ARM.Collect$$libshutdown$$00000010  c_w.l(libshutdown2.o)
    0x0800020c   0x0800020c   0x00000000   Code   RO          351    .ARM.Collect$$rtentry$$00000000  c_w.l(__rtentry.o)
    0x0800020c   0x0800020c   0x00000000   Code   RO          411    .ARM.Collect$$rtentry$$00000002  c_w.l(__rtentry2.o)
    0x0800020c   0x0800020c   0x00000006   Code   RO          423    .ARM.Collect$$rtentry$$00000004  c_w.l(__rtentry4.o)
    0x08000212   0x08000212   0x00000000   Code   RO          413    .ARM.Collect$$rtentry$$00000009  c_w.l(__rtentry2.o)
    0x08000212   0x08000212   0x00000004   Code   RO          414    .ARM.Collect$$rtentry$$0000000A  c_w.l(__rtentry2.o)
    0x08000216   0x08000216   0x00000000   Code   RO          416    .ARM.Collect$$rtentry$$0000000C  c_w.l(__rtentry2.o)
    0x08000216   0x08000216   0x00000008   Code   RO          417    .ARM.Collect$$rtentry$$0000000D  c_w.l(__rtentry2.o)
    0x0800021e   0x0800021e   0x00000002   Code   RO          455    .ARM.Collect$$rtexit$$00000000  c_w.l(rtexit.o)
    0x08000220   0x08000220   0x00000000   Code   RO          467    .ARM.Collect$$rtexit$$00000002  c_w.l(rtexit2.o)
    0x08000220   0x08000220   0x00000004   Code   RO          468    .ARM.Collect$$rtexit$$00000003  c_w.l(rtexit2.o)
    0x08000224   0x08000224   0x00000006   Code   RO          469    .ARM.Collect$$rtexit$$00000004  c_w.l(rtexit2.o)
    0x0800022a   0x0800022a   0x00000002   PAD
    0x0800022c   0x0800022c   0x00000040   Code   RO          296    .text               startup_stm32f303xc.o
    0x0800026c   0x0800026c   0x00000006   Code   RO          319    .text               c_w.l(heapauxi.o)
    0x08000272   0x08000272   0x00000002   PAD
    0x08000274   0x08000274   0x00000024   Code   RO          326    .text               c_w.l(init_aeabi.o)
    0x08000298   0x08000298   0x00000016   Code   RO          352    .text               c_w.l(_rserrno.o)
    0x080002ae   0x080002ae   0x00000002   PAD
    0x080002b0   0x080002b0   0x00000008   Code   RO          428    .text               c_w.l(rt_errno_addr_intlibspace.o)
    0x080002b8   0x080002b8   0x00000008   Code   RO          434    .text               c_w.l(libspace.o)
    0x080002c0   0x080002c0   0x0000004a   Code   RO          437    .text               c_w.l(sys_stackheap_outer.o)
    0x0800030a   0x0800030a   0x00000012   Code   RO          439    .text               c_w.l(exit.o)
    0x0800031c   0x0800031c   0x00000002   Code   RO          463    .text               c_w.l(use_no_semi.o)
    0x0800031e   0x0800031e   0x00000000   Code   RO          465    .text               c_w.l(indicate_semi.o)
    0x0800031e   0x0800031e   0x00000002   PAD
    0x08000320   0x08000320   0x0000000c   Code   RO          479    .text               c_w.l(sys_exit.o)
    0x0800032c   0x0800032c   0x0000000a   Code   RO          271    .text.EXTI0_IRQHandler  stm32f3xx_it.o
    0x08000336   0x08000336   0x00000002   PAD
    0x08000338   0x08000338   0x00000014   Code   RO           66    .text.HAL_GPIO_EXTI_Callback  device.o
    0x0800034c   0x0800034c   0x0000001a   Code   RO          102    .text.HAL_GPIO_EXTI_IRQHandler  stm32f3xx_hal_gpio.o
    0x08000366   0x08000366   0x00000002   PAD
    0x08000368   0x08000368   0x000002c8   Code   RO           90    .text.HAL_GPIO_Init  stm32f3xx_hal_gpio.o
    0x08000630   0x08000630   0x00000020   Code   RO          214    .text.HAL_NVIC_EnableIRQ  stm32f3xx_hal_cortex.o
    0x08000650   0x08000650   0x00000042   Code   RO          206    .text.HAL_NVIC_SetPriority  stm32f3xx_hal_cortex.o
    0x08000692   0x08000692   0x00000002   PAD
    0x08000694   0x08000694   0x0000002c   Code   RO          212    .text.NVIC_EncodePriority  stm32f3xx_hal_cortex.o
    0x080006c0   0x080006c0   0x0000000e   Code   RO           19    .text.SysTick_Handler  application.o
    0x080006ce   0x080006ce   0x00000002   PAD
    0x080006d0   0x080006d0   0x00000012   Code   RO          303    .text.SystemInit    system_stm32f3xx.o
    0x080006e2   0x080006e2   0x00000002   PAD
    0x080006e4   0x080006e4   0x00000008   Code   RO           68    .text._GLOBAL__sub_I_device.cpp  device.o
    0x080006ec   0x080006ec   0x00000024   Code   RO           13    .text._ZL14SysTick_Configj  application.o
    0x08000710   0x08000710   0x0000000e   Code   RO           21    .text._ZL18__NVIC_SetPriority9IRQn_Typej  application.o
    0x0800071e   0x0800071e   0x00000002   PAD
    0x08000720   0x08000720   0x0000001a   Code   RO           46    .text._ZN10UserButton11CheckButtonEv  device.o
    0x0800073a   0x0800073a   0x00000002   PAD
    0x0800073c   0x0800073c   0x00000066   Code   RO           36    .text._ZN11ProcessData10ProcessRowEv  device.o
    0x080007a2   0x080007a2   0x00000002   PAD
    0x080007a4   0x080007a4   0x00000014   Code   RO           38    .text._ZN11ProcessData7NextRowEv  device.o
    0x080007b8   0x080007b8   0x00000006   Code   RO           34    .text._ZN11ProcessDataC2EPa  device.o
    0x080007be   0x080007be   0x00000002   PAD
    0x080007c0   0x080007c0   0x00000012   Code   RO           42    .text._ZN12ModifyMemory11StoreResultEi  device.o
    0x080007d2   0x080007d2   0x00000002   PAD
    0x080007d4   0x080007d4   0x00000006   Code   RO           44    .text._ZN12ModifyMemory12EmptyResultsEv  device.o
    0x080007da   0x080007da   0x00000002   PAD
    0x080007dc   0x080007dc   0x00000006   Code   RO           40    .text._ZN12ModifyMemoryC2Ev  device.o
    0x080007e2   0x080007e2   0x00000002   PAD
    0x080007e4   0x080007e4   0x0000001a   Code   RO           62    .text._ZN17DisplayIndicators13MemoryDeletedEv  device.o
    0x080007fe   0x080007fe   0x00000002   PAD
    0x08000800   0x08000800   0x0000001a   Code   RO           64    .text._ZN17DisplayIndicators15ProcessingSpeedEv  device.o
    0x0800081a   0x0800081a   0x00000002   PAD
    0x0800081c   0x0800081c   0x0000001a   Code   RO           58    .text._ZN17DisplayIndicators7Result0Ev  device.o
    0x08000836   0x08000836   0x00000002   PAD
    0x08000838   0x08000838   0x0000001a   Code   RO           60    .text._ZN17DisplayIndicators9Result500Ev  device.o
    0x08000852   0x08000852   0x00000002   PAD
    0x08000854   0x08000854   0x00000028   Code   RO           56    .text._ZN17DisplayIndicators9ResultOffEv  device.o
    0x0800087c   0x0800087c   0x00000012   Code   RO           52    .text._ZN4LEDs2onEv  device.o
    0x0800088e   0x0800088e   0x00000002   PAD
    0x08000890   0x08000890   0x00000014   Code   RO           50    .text._ZN4LEDs3offEv  device.o
    0x080008a4   0x080008a4   0x00000012   Code   RO           54    .text._ZN4LEDs6toggleEv  device.o
    0x080008b6   0x080008b6   0x00000002   PAD
    0x080008b8   0x080008b8   0x0000000e   Code   RO           48    .text._ZN4LEDsC2Et  device.o
    0x080008c6   0x080008c6   0x00000002   PAD
    0x080008c8   0x080008c8   0x0000002e   Code   RO           15    .text._ZN5Timer10ChangeFreqEv  application.o
    0x080008f6   0x080008f6   0x00000002   PAD
    0x080008f8   0x080008f8   0x0000001a   Code   RO           17    .text._ZN5Timer10CheckTimerEv  application.o
    0x08000912   0x08000912   0x00000002   PAD
    0x08000914   0x08000914   0x00000094   Code   RO           11    .text._ZN5TimerC2Ev  application.o
    0x080009a8   0x080009a8   0x00000020   Code   RO          216    .text.__NVIC_EnableIRQ  stm32f3xx_hal_cortex.o
    0x080009c8   0x080009c8   0x00000010   Code   RO          208    .text.__NVIC_GetPriorityGrouping  stm32f3xx_hal_cortex.o
    0x080009d8   0x080009d8   0x00000022   Code   RO          210    .text.__NVIC_SetPriority  stm32f3xx_hal_cortex.o
    0x080009fa   0x080009fa   0x00000002   PAD
    0x080009fc   0x080009fc   0x00000064   Code   RO           32    .text.__cxx_global_var_init  device.o
    0x08000a60   0x08000a60   0x00000002   Code   RO          285    .text.assert_failed  gpio_setup.o
    0x08000a62   0x08000a62   0x00000002   PAD
    0x08000a64   0x08000a64   0x00000080   Code   RO          283    .text.gpio_setup    gpio_setup.o
    0x08000ae4   0x08000ae4   0x00000010   Code   RO            2    .text.main          cw2.o
    0x08000af4   0x08000af4   0x0000007a   Code   RO          345    i.__hardfp_sqrt     m_wm.l(sqrt.o)
    0x08000b6e   0x08000b6e   0x00000002   PAD
    0x08000b70   0x08000b70   0x00000150   Code   RO          329    x$fpl$dadd          fz_wm.l(daddsub_clz.o)
    0x08000cc0   0x08000cc0   0x0000005e   Code   RO          335    x$fpl$dfix          fz_wm.l(dfix.o)
    0x08000d1e   0x08000d1e   0x0000002e   Code   RO          340    x$fpl$dflt          fz_wm.l(dflt_clz.o)
    0x08000d4c   0x08000d4c   0x0000009c   Code   RO          403    x$fpl$dnaninf       fz_wm.l(dnaninf.o)
    0x08000de8   0x08000de8   0x0000000c   Code   RO          405    x$fpl$dretinf       fz_wm.l(dretinf.o)
    0x08000df4   0x08000df4   0x00000198   Code   RO          407    x$fpl$dsqrt         fz_wm.l(dsqrt_umaal.o)
    0x08000f8c   0x08000f8c   0x000001dc   Code   RO          331    x$fpl$dsub          fz_wm.l(daddsub_clz.o)
    0x08001168   0x08001168   0x0000001a   Code   RO          432    x$fpl$fpinit        fz_wm.l(fpinit.o)
    0x08001182   0x08001182   0x00000000   Code   RO          409    x$fpl$usenofp       fz_wm.l(usenofp.o)
    0x08001182   0x08001182   0x00000036   Data   RO          106    .rodata.str1.1      stm32f3xx_hal_gpio.o
    0x080011b8   0x080011b8   0x00000038   Data   RO          262    .rodata.str1.1      stm32f3xx_hal_cortex.o
    0x080011f0   0x080011f0   0x00000020   Data   RO          529    Region$$Table       anon$$obj.o
    0x08001210   0x08001210   0x00000004   Data   RO           73    .init_array         device.o
    0x08001214   0x08001210   0x00000000   Data   RO          324    .init_array         c_w.l(init_aeabi.o)


    Execution Region RW_IRAM2 (Exec base: 0x10000000, Load base: 0x08001358, Size: 0x00000000, Max: 0x00002000, ABSOLUTE)

    **** No section assigned to this execution region ****


    Execution Region RW_IRAM1 (Exec base: 0x20000000, Load base: 0x08001218, Size: 0x000007b8, Max: 0x0000c000, ABSOLUTE)

    Exec Addr    Load Addr    Size         Type   Attr      Idx    E Section Name        Object

    0x20000000   0x08001218   0x00000140   Data   RW           70    .data.Database      device.o
    0x20000140        -       0x00000060   Zero   RW          435    .bss                c_w.l(libspace.o)
    0x200001a0        -       0x00000001   Zero   RW           71    .bss.IP_flag        device.o
    0x200001a1   0x08001358   0x00000001   PAD
    0x200001a2        -       0x00000010   Zero   RW           72    .bss.LED            device.o
    0x200001b2        -       0x00000001   Zero   RW           23    .bss.Timer_flag     application.o
    0x200001b3   0x08001358   0x00000005   PAD
    0x200001b8        -       0x00000200   Zero   RW          294    HEAP                startup_stm32f303xc.o
    0x200003b8        -       0x00000400   Zero   RW          293    STACK               startup_stm32f303xc.o


==============================================================================

Image component sizes


      Code (inc. data)   RO Data    RW Data    ZI Data      Debug   Object Name

       284          0          0          0          1      10256   application.o
        16          0          0          0          0       2090   cw2.o
       526          0          4        320         17      21379   device.o
       130          0          0          0          0       4391   gpio_setup.o
        64         26        392          0       1536        884   startup_stm32f303xc.o
       224          0         56          0          0      10310   stm32f3xx_hal_cortex.o
       738          0         54          0          0       5327   stm32f3xx_hal_gpio.o
        10          0          0          0          0        490   stm32f3xx_it.o
        18          0          0          0          0       2324   system_stm32f3xx.o

    ----------------------------------------------------------------------
      2056         26        538        320       1560      57451   Object Totals
         0          0         32          0          0          0   (incl. Generated)
        46          0          0          0          6          0   (incl. Padding)

    ----------------------------------------------------------------------

      Code (inc. data)   RO Data    RW Data    ZI Data      Debug   Library Member Name

         8          0          0          0          0         68   __main.o
         0          0          0          0          0          0   __rtentry.o
        12          0          0          0          0          0   __rtentry2.o
         6          0          0          0          0          0   __rtentry4.o
        52          8          0          0          0          0   __scatter.o
        26          0          0          0          0          0   __scatter_copy.o
        28          0          0          0          0          0   __scatter_zi.o
        22          0          0          0          0        100   _rserrno.o
        18          0          0          0          0         80   exit.o
         6          0          0          0          0        152   heapauxi.o
         0          0          0          0          0          0   indicate_semi.o
        36          8          0          0          0         80   init_aeabi.o
         2          0          0          0          0          0   libinit.o
        10          0          0          0          0          0   libinit2.o
         2          0          0          0          0          0   libshutdown.o
         2          0          0          0          0          0   libshutdown2.o
         8          4          0          0         96         68   libspace.o
         8          4          0          0          0         68   rt_errno_addr_intlibspace.o
         2          0          0          0          0          0   rtexit.o
        10          0          0          0          0          0   rtexit2.o
        12          4          0          0          0         68   sys_exit.o
        74          0          0          0          0         80   sys_stackheap_outer.o
         2          0          0          0          0         68   use_no_semi.o
       812         16          0          0          0        392   daddsub_clz.o
        94          4          0          0          0        140   dfix.o
        46          0          0          0          0        116   dflt_clz.o
       156          4          0          0          0        140   dnaninf.o
        12          0          0          0          0        116   dretinf.o
       408         56          0          0          0        168   dsqrt_umaal.o
        26          0          0          0          0        116   fpinit.o
         0          0          0          0          0          0   usenofp.o
       122          0          0          0          0        148   sqrt.o

    ----------------------------------------------------------------------
      2034        108          0          0         96       2168   Library Totals
        12          0          0          0          0          0   (incl. Padding)

    ----------------------------------------------------------------------

      Code (inc. data)   RO Data    RW Data    ZI Data      Debug   Library Name

       346         28          0          0         96        832   c_w.l
      1554         80          0          0          0       1188   fz_wm.l
       122          0          0          0          0        148   m_wm.l

    ----------------------------------------------------------------------
      2034        108          0          0         96       2168   Library Totals

    ----------------------------------------------------------------------

==============================================================================


      Code (inc. data)   RO Data    RW Data    ZI Data      Debug   

      4090        134        538        320       1656      58467   Grand Totals
      4090        134        538        320       1656      58467   ELF Image Totals
      4090        134        538        320          0          0   ROM Totals

==============================================================================

    Total RO  Size (Code + RO Data)                 4628 (   4.52kB)
    Total RW  Size (RW Data + ZI Data)              1976 (   1.93kB)
    Total ROM Size (Code + RO Data + RW Data)       4948 (   4.83kB)

==============================================================================

